<html>
<body>
<pre>
<h1>礦ision Build Log</h1>
<h2>Tool Versions:</h2>
IDE-Version: μVision V5.24.2.0
Copyright (C) 2017 ARM Ltd and ARM Germany GmbH. All rights reserved.
License Information: 1 1, 1, LIC=65ISZ-JM8FP-560Q2-9L9IT-6AJNI-XFD51
 
Tool Versions:
Toolchain:       MDK-ARM Plus  Version: 5.24.1
Toolchain Path:  D:\EmbeddedSoftware\Keil5\ARM\ARMCC\Bin
C Compiler:      Armcc.exe V5.06 update 5 (build 528)
Assembler:       Armasm.exe V5.06 update 5 (build 528)
Linker/Locator:  ArmLink.exe V5.06 update 5 (build 528)
Library Manager: ArmAr.exe V5.06 update 5 (build 528)
Hex Converter:   FromElf.exe V5.06 update 5 (build 528)
CPU DLL:         SARMCM3.DLL V5.24.1
Dialog DLL:      DCM.DLL V1.16.0.0
Target DLL:      STLink\ST-LINKIII-KEIL_SWO.dll V3.0.1.0
Dialog DLL:      TCM.DLL V1.32.0.0
 
<h2>Project:</h2>
D:\EmbeddedSoftware\dht11数据上传服务器\11.dht11上传自建mqtt服务器\stm32f103.uvprojx
Project File Date:  03/29/2026

<h2>Output:</h2>
*** Using Compiler 'V5.06 update 5 (build 528)', folder: 'D:\EmbeddedSoftware\Keil5\ARM\ARMCC\Bin'
Rebuild target 'STM32F103'
assembling startup_stm32f10x_md.s...
compiling core_cm3.c...
compiling sht20.c...
compiling i2c.c...
compiling stm32f10x_exti.c...
compiling stm32f10x_usart.c...
compiling delay.c...
compiling system_stm32f10x.c...
compiling stm32f10x_rcc.c...
compiling stm32f10x_gpio.c...
compiling usart.c...
compiling stm32f10x_it.c...
compiling misc.c...
compiling LED.c...
compiling hmac_sha1.c...
compiling key.c...
compiling dht11.c...
hardware\src\dht11.c(18): warning:  #188-D: enumerated type mixed with another type
  	
HT11_DQ_OUT(0); 	//拉低DQ
hardware\src\dht11.c(20): warning:  #188-D: enumerated type mixed with another type
  	
HT11_DQ_OUT(1); 	//DQ=1 
hardware\src\dht11.c: 2 warnings, 0 errors
compiling main.c...
.\OLED\oled.h(65): warning:  #1295-D: Deprecated declaration Picture - give arg types
  void Picture();
.\OLED\oled.h(66): warning:  #1295-D: Deprecated declaration IIC_Start - give arg types
  void IIC_Start();
.\OLED\oled.h(67): warning:  #1295-D: Deprecated declaration IIC_Stop - give arg types
  void IIC_Stop();
.\OLED\oled.h(72): warning:  #1295-D: Deprecated declaration IIC_Wait_Ack - give arg types
  void IIC_Wait_Ack();
user\main.c(136): warning:  #223-D: function "sprintf" declared implicitly
  			sprintf(my_data, "{\"temp\":%d, \"humi\":%d}", temp, humi);
user\main.c(184): warning:  #223-D: function "sprintf" declared implicitly
  	sprintf(buf, "%2d", temp);
user\main.c(185): warning:  #167-D: argument of type "char *" is incompatible with parameter of type "u8 *"
  	OLED_ShowString(54,0,buf,16);//娓╁害鍊?
user\main.c(188): warning:  #167-D: argument of type "char *" is incompatible with parameter of type "u8 *"
  	OLED_ShowString(54,3,buf,16);//婀垮害鍊?
user\main.c(194): warning:  #1-D: last line of file ends without a newline
  }
user\main.c: 9 warnings, 0 errors
compiling base64.c...
compiling onenet.c...
NET\onenet\src\onenet.c(528): warning:  #177-D: variable "data_ptr"  was declared but never referenced
  				char *data_ptr = NULL;
NET\onenet\src\onenet.c(514): warning:  #177-D: variable "dataPtr"  was declared but never referenced
  	char *dataPtr = NULL;
NET\onenet\src\onenet.c(515): warning:  #177-D: variable "numBuf"  was declared but never referenced
  	char numBuf[10];
NET\onenet\src\onenet.c(516): warning:  #177-D: variable "num"  was declared but never referenced
  	int num = 0;
NET\onenet\src\onenet.c: 4 warnings, 0 errors
compiling MqttKit.c...
compiling cJSON.c...
NET\CJSON\cJSON.c(55): warning:  #1293-D: assignment in condition
        if (!(copy = (char*)cJSON_malloc(len))) return 0;
NET\CJSON\cJSON.c(278): warning:  #1293-D: assignment in condition
  	ptr=str;while ((token=*ptr) && ++len) {if (strchr("\"\\\b\f\n\r\t",token)) len++; else if (token<32) len+=5;ptr++;}
NET\CJSON\cJSON.c(352): warning:  #111-D: statement is unreachable
  	return p.buffer;
NET\CJSON\cJSON.c(423): warning:  #1293-D: assignment in condition
  		if (!(new_item=cJSON_New_Item())) return 0; 	/* memory fail */
NET\CJSON\cJSON.c(535): warning:  #1293-D: assignment in condition
  		if (!(new_item=cJSON_New_Item()))	return 0; /* memory fail */
NET\CJSON\cJSON.c: 5 warnings, 0 errors
compiling esp8266.c...
NET\device\src\esp8266.c(201): warning:  #223-D: function "OLED_ShowString" declared implicitly
  	OLED_ShowString(0,0,"ESP8266 Init",8);
NET\device\src\esp8266.c: 1 warning, 0 errors
compiling oled.c...
OLED\oled.h(65): warning:  #1295-D: Deprecated declaration Picture - give arg types
  void Picture();
OLED\oled.h(66): warning:  #1295-D: Deprecated declaration IIC_Start - give arg types
  void IIC_Start();
OLED\oled.h(67): warning:  #1295-D: Deprecated declaration IIC_Stop - give arg types
  void IIC_Stop();
OLED\oled.h(72): warning:  #1295-D: Deprecated declaration IIC_Wait_Ack - give arg types
  void IIC_Wait_Ack();
OLED\oled.c: 4 warnings, 0 errors
linking...
Program Size: Code=39298 RO-data=3490 RW-data=708 ZI-data=3300  
FromELF: creating hex file...
".\output\stm32f103.axf" - 0 Error(s), 25 Warning(s).

<h2>Software Packages used:</h2>

Package Vendor: ARM
                http://www.keil.com/pack/ARM.CMSIS.5.0.1.pack
                ARM.CMSIS.5.0.1
                CMSIS (Cortex Microcontroller Software Interface Standard)
   * Component: CORE Version: 5.0.1

Package Vendor: Keil
                http://www.keil.com/pack/Keil.STM32F1xx_DFP.2.2.0.pack
                Keil.STM32F1xx_DFP.2.2.0
                STMicroelectronics STM32F1 Series Device Support, Drivers and Examples

<h2>Collection of Component include folders:</h2>
  .\RTE\_STM32F103
  D:\EmbeddedSoftware\Keil5\ARM\PACK\ARM\CMSIS\5.0.1\CMSIS\Include
  D:\EmbeddedSoftware\Keil5\ARM\PACK\Keil\STM32F1xx_DFP\2.2.0\Device\Include

<h2>Collection of Component Files used:</h2>

   * Component: ARM::CMSIS:CORE:5.0.1
Build Time Elapsed:  00:00:01
</pre>
</body>
</html>
