Component: ARM Compiler 5.06 update 5 (build 528) Tool: armlink [4d35e2]

==============================================================================

Section Cross References

    stm32f10x_it.o(.text) refers to usart.o(.text) for UsartPrintf
    system_stm32f10x.o(.text) refers to system_stm32f10x.o(.data) for SystemCoreClock
    startup_stm32f10x_md.o(STACK) refers (Special) to heapauxi.o(.text) for __use_two_region_memory
    startup_stm32f10x_md.o(HEAP) refers (Special) to heapauxi.o(.text) for __use_two_region_memory
    startup_stm32f10x_md.o(RESET) refers (Special) to heapauxi.o(.text) for __use_two_region_memory
    startup_stm32f10x_md.o(RESET) refers to startup_stm32f10x_md.o(STACK) for __initial_sp
    startup_stm32f10x_md.o(RESET) refers to startup_stm32f10x_md.o(.text) for Reset_Handler
    startup_stm32f10x_md.o(RESET) refers to stm32f10x_it.o(.text) for NMI_Handler
    startup_stm32f10x_md.o(RESET) refers to key.o(.text) for EXTI1_IRQHandler
    startup_stm32f10x_md.o(RESET) refers to usart.o(.text) for USART1_IRQHandler
    startup_stm32f10x_md.o(RESET) refers to esp8266.o(.text) for USART2_IRQHandler
    startup_stm32f10x_md.o(.text) refers (Special) to heapauxi.o(.text) for __use_two_region_memory
    startup_stm32f10x_md.o(.text) refers to system_stm32f10x.o(.text) for SystemInit
    startup_stm32f10x_md.o(.text) refers to __main.o(!!!main) for __main
    startup_stm32f10x_md.o(.text) refers to startup_stm32f10x_md.o(HEAP) for Heap_Mem
    startup_stm32f10x_md.o(.text) refers to startup_stm32f10x_md.o(STACK) for Stack_Mem
    stm32f10x_gpio.o(.text) refers to stm32f10x_rcc.o(.text) for RCC_APB2PeriphResetCmd
    stm32f10x_rcc.o(.text) refers to stm32f10x_rcc.o(.data) for APBAHBPrescTable
    stm32f10x_usart.o(.text) refers to stm32f10x_rcc.o(.text) for RCC_APB2PeriphResetCmd
    stm32f10x_adc.o(.text) refers to stm32f10x_rcc.o(.text) for RCC_APB2PeriphResetCmd
    delay.o(.text) refers to delay.o(.data) for UsCount
    usart.o(.text) refers to stm32f10x_rcc.o(.text) for RCC_APB2PeriphClockCmd
    usart.o(.text) refers to stm32f10x_gpio.o(.text) for GPIO_Init
    usart.o(.text) refers to stm32f10x_usart.o(.text) for USART_Init
    usart.o(.text) refers to misc.o(.text) for NVIC_Init
    usart.o(.text) refers to c89vsnprintf.o(.text) for __c89vsnprintf
    led.o(.text) refers to stm32f10x_gpio.o(.text) for GPIO_WriteBit
    led.o(.text) refers to stm32f10x_rcc.o(.text) for RCC_APB2PeriphClockCmd
    led.o(.text) refers to led.o(.data) for LED_info
    key.o(.text) refers to stm32f10x_rcc.o(.text) for RCC_APB2PeriphClockCmd
    key.o(.text) refers to stm32f10x_gpio.o(.text) for GPIO_Init
    key.o(.text) refers to stm32f10x_exti.o(.text) for EXTI_Init
    key.o(.text) refers to misc.o(.text) for NVIC_Init
    key.o(.text) refers to delay.o(.text) for DelayXms
    key.o(.text) refers to led.o(.text) for LED_Set
    key.o(.text) refers to led.o(.data) for LED_info
    dht11.o(.text) refers to stm32f10x_gpio.o(.text) for GPIO_WriteBit
    dht11.o(.text) refers to delay.o(.text) for DelayXms
    dht11.o(.text) refers to stm32f10x_rcc.o(.text) for RCC_APB2PeriphClockCmd
    mq2.o(.text) refers to stm32f10x_rcc.o(.text) for RCC_APB2PeriphClockCmd
    mq2.o(.text) refers to stm32f10x_gpio.o(.text) for GPIO_Init
    mq2.o(.text) refers to stm32f10x_adc.o(.text) for ADC_Init
    mq2.o(.text) refers to delay.o(.text) for DelayUs
    mq2.o(.text) refers to fflt_clz.o(x$fpl$ffltu) for __aeabi_ui2f
    mq2.o(.text) refers to fmul.o(x$fpl$fmul) for __aeabi_fmul
    mq2.o(.text) refers to fdiv.o(x$fpl$fdiv) for __aeabi_fdiv
    mq7.o(.text) refers to stm32f10x_rcc.o(.text) for RCC_APB2PeriphClockCmd
    mq7.o(.text) refers to stm32f10x_gpio.o(.text) for GPIO_Init
    mq7.o(.text) refers to stm32f10x_adc.o(.text) for ADC_Init
    mq7.o(.text) refers to delay.o(.text) for DelayMs
    main.o(.text) refers to misc.o(.text) for NVIC_PriorityGroupConfig
    main.o(.text) refers to delay.o(.text) for Delay_Init
    main.o(.text) refers to usart.o(.text) for Usart1_Init
    main.o(.text) refers to key.o(.text) for Key_Init
    main.o(.text) refers to led.o(.text) for LED_Init
    main.o(.text) refers to mq2.o(.text) for MQ2_Init
    main.o(.text) refers to dht11.o(.text) for DHT11_Init
    main.o(.text) refers to f2d.o(x$fpl$f2d) for __aeabi_f2d
    main.o(.text) refers to main.o(.data) for MQ2_Value
    onenet.o(.text) refers to _printf_percent.o(.ARM.Collect$$_printf_percent$$00000000) for _printf_percent
    onenet.o(.text) refers to _printf_d.o(.ARM.Collect$$_printf_percent$$00000009) for _printf_d
    onenet.o(.text) refers to _printf_s.o(.ARM.Collect$$_printf_percent$$00000014) for _printf_s
    onenet.o(.text) refers to _printf_dec.o(.text) for _printf_int_dec
    onenet.o(.text) refers to _printf_str.o(.text) for _printf_str
    onenet.o(.text) refers to _scanf_int.o(.text) for _scanf_int
    onenet.o(.text) refers to _scanf_str.o(.text) for _scanf_string
[...]
    .ARM.Collect$$_printf_percent$$00000005  0x08000178   Section        6  _printf_g.o(.ARM.Collect$$_printf_percent$$00000005)
    .ARM.Collect$$_printf_percent$$00000006  0x0800017e   Section        6  _printf_a.o(.ARM.Collect$$_printf_percent$$00000006)
    .ARM.Collect$$_printf_percent$$00000007  0x08000184   Section       10  _printf_ll.o(.ARM.Collect$$_printf_percent$$00000007)
    .ARM.Collect$$_printf_percent$$00000008  0x0800018e   Section        6  _printf_i.o(.ARM.Collect$$_printf_percent$$00000008)
    .ARM.Collect$$_printf_percent$$00000009  0x08000194   Section        6  _printf_d.o(.ARM.Collect$$_printf_percent$$00000009)
    .ARM.Collect$$_printf_percent$$0000000A  0x0800019a   Section        6  _printf_u.o(.ARM.Collect$$_printf_percent$$0000000A)
    .ARM.Collect$$_printf_percent$$0000000B  0x080001a0   Section        6  _printf_o.o(.ARM.Collect$$_printf_percent$$0000000B)
    .ARM.Collect$$_printf_percent$$0000000C  0x080001a6   Section        6  _printf_x.o(.ARM.Collect$$_printf_percent$$0000000C)
    .ARM.Collect$$_printf_percent$$0000000D  0x080001ac   Section        6  _printf_lli.o(.ARM.Collect$$_printf_percent$$0000000D)
    .ARM.Collect$$_printf_percent$$0000000E  0x080001b2   Section        6  _printf_lld.o(.ARM.Collect$$_printf_percent$$0000000E)
    .ARM.Collect$$_printf_percent$$0000000F  0x080001b8   Section        6  _printf_llu.o(.ARM.Collect$$_printf_percent$$0000000F)
    .ARM.Collect$$_printf_percent$$00000010  0x080001be   Section        6  _printf_llo.o(.ARM.Collect$$_printf_percent$$00000010)
    .ARM.Collect$$_printf_percent$$00000011  0x080001c4   Section        6  _printf_llx.o(.ARM.Collect$$_printf_percent$$00000011)
    .ARM.Collect$$_printf_percent$$00000012  0x080001ca   Section       10  _printf_l.o(.ARM.Collect$$_printf_percent$$00000012)
    .ARM.Collect$$_printf_percent$$00000013  0x080001d4   Section        6  _printf_c.o(.ARM.Collect$$_printf_percent$$00000013)
    .ARM.Collect$$_printf_percent$$00000014  0x080001da   Section        6  _printf_s.o(.ARM.Collect$$_printf_percent$$00000014)
    .ARM.Collect$$_printf_percent$$00000015  0x080001e0   Section        6  _printf_lc.o(.ARM.Collect$$_printf_percent$$00000015)
    .ARM.Collect$$_printf_percent$$00000016  0x080001e6   Section        6  _printf_ls.o(.ARM.Collect$$_printf_percent$$00000016)
    .ARM.Collect$$_printf_percent$$00000017  0x080001ec   Section        4  _printf_percent_end.o(.ARM.Collect$$_printf_percent$$00000017)
    .ARM.Collect$$libinit$$00000000          0x080001f0   Section        2  libinit.o(.ARM.Collect$$libinit$$00000000)
    .ARM.Collect$$libinit$$00000002          0x080001f2   Section        0  libinit2.o(.ARM.Collect$$libinit$$00000002)
    .ARM.Collect$$libinit$$00000004          0x080001f2   Section        0  libinit2.o(.ARM.Collect$$libinit$$00000004)
    .ARM.Collect$$libinit$$0000000A          0x080001f2   Section        0  libinit2.o(.ARM.Collect$$libinit$$0000000A)
    .ARM.Collect$$libinit$$0000000C          0x080001f2   Section        0  libinit2.o(.ARM.Collect$$libinit$$0000000C)
    .ARM.Collect$$libinit$$0000000E          0x080001f2   Section        0  libinit2.o(.ARM.Collect$$libinit$$0000000E)
    .ARM.Collect$$libinit$$0000000F          0x080001f2   Section        6  libinit2.o(.ARM.Collect$$libinit$$0000000F)
    .ARM.Collect$$libinit$$00000011          0x080001f8   Section        0  libinit2.o(.ARM.Collect$$libinit$$00000011)
    .ARM.Collect$$libinit$$00000012          0x080001f8   Section       12  libinit2.o(.ARM.Collect$$libinit$$00000012)
    .ARM.Collect$$libinit$$00000013          0x08000204   Section        0  libinit2.o(.ARM.Collect$$libinit$$00000013)
    .ARM.Collect$$libinit$$00000015          0x08000204   Section        0  libinit2.o(.ARM.Collect$$libinit$$00000015)
    .ARM.Collect$$libinit$$00000016          0x08000204   Section       10  libinit2.o(.ARM.Collect$$libinit$$00000016)
    .ARM.Collect$$libinit$$00000017          0x0800020e   Section        0  libinit2.o(.ARM.Collect$$libinit$$00000017)
    .ARM.Collect$$libinit$$00000019          0x0800020e   Section        0  libinit2.o(.ARM.Collect$$libinit$$00000019)
    .ARM.Collect$$libinit$$0000001B          0x0800020e   Section        0  libinit2.o(.ARM.Collect$$libinit$$0000001B)
    .ARM.Collect$$libinit$$0000001D          0x0800020e   Section        0  libinit2.o(.ARM.Collect$$libinit$$0000001D)
    .ARM.Collect$$libinit$$0000001F          0x0800020e   Section        0  libinit2.o(.ARM.Collect$$libinit$$0000001F)
    .ARM.Collect$$libinit$$00000021          0x0800020e   Section        0  libinit2.o(.ARM.Collect$$libinit$$00000021)
    .ARM.Collect$$libinit$$00000023          0x0800020e   Section        0  libinit2.o(.ARM.Collect$$libinit$$00000023)
    .ARM.Collect$$libinit$$00000025          0x0800020e   Section        0  libinit2.o(.ARM.Collect$$libinit$$00000025)
    .ARM.Collect$$libinit$$0000002C          0x0800020e   Section        0  libinit2.o(.ARM.Collect$$libinit$$0000002C)
    .ARM.Collect$$libinit$$0000002E          0x0800020e   Section        0  libinit2.o(.ARM.Collect$$libinit$$0000002E)
    .ARM.Collect$$libinit$$00000030          0x0800020e   Section        0  libinit2.o(.ARM.Collect$$libinit$$00000030)
    .ARM.Collect$$libinit$$00000032          0x0800020e   Section        0  libinit2.o(.ARM.Collect$$libinit$$00000032)
    .ARM.Collect$$libinit$$00000033          0x0800020e   Section        2  libinit2.o(.ARM.Collect$$libinit$$00000033)
    .ARM.Collect$$libshutdown$$00000000      0x08000210   Section        2  libshutdown.o(.ARM.Collect$$libshutdown$$00000000)
    .ARM.Collect$$libshutdown$$00000002      0x08000212   Section        0  libshutdown2.o(.ARM.Collect$$libshutdown$$00000002)
    .ARM.Collect$$libshutdown$$00000004      0x08000212   Section        0  libshutdown2.o(.ARM.Collect$$libshutdown$$00000004)
    .ARM.Collect$$libshutdown$$00000007      0x08000212   Section        0  libshutdown2.o(.ARM.Collect$$libshutdown$$00000007)
    .ARM.Collect$$libshutdown$$0000000A      0x08000212   Section        0  libshutdown2.o(.ARM.Collect$$libshutdown$$0000000A)
    .ARM.Collect$$libshutdown$$0000000C      0x08000212   Section        0  libshutdown2.o(.ARM.Collect$$libshutdown$$0000000C)
    .ARM.Collect$$libshutdown$$0000000F      0x08000212   Section        0  libshutdown2.o(.ARM.Collect$$libshutdown$$0000000F)
    .ARM.Collect$$libshutdown$$00000010      0x08000212   Section        2  libshutdown2.o(.ARM.Collect$$libshutdown$$00000010)
    .ARM.Collect$$rtentry$$00000000          0x08000214   Section        0  __rtentry.o(.ARM.Collect$$rtentry$$00000000)
    .ARM.Collect$$rtentry$$00000002          0x08000214   Section        0  __rtentry2.o(.ARM.Collect$$rtentry$$00000002)
    .ARM.Collect$$rtentry$$00000004          0x08000214   Section        6  __rtentry4.o(.ARM.Collect$$rtentry$$00000004)
    .ARM.Collect$$rtentry$$00000009          0x0800021a   Section        0  __rtentry2.o(.ARM.Collect$$rtentry$$00000009)
    .ARM.Collect$$rtentry$$0000000A          0x0800021a   Section        4  __rtentry2.o(.ARM.Collect$$rtentry$$0000000A)
    .ARM.Collect$$rtentry$$0000000C          0x0800021e   Section        0  __rtentry2.o(.ARM.Collect$$rtentry$$0000000C)
    .ARM.Collect$$rtentry$$0000000D          0x0800021e   Section        8  __rtentry2.o(.ARM.Collect$$rtentry$$0000000D)
    .ARM.Collect$$rtexit$$00000000           0x08000226   Section        2  rtexit.o(.ARM.Collect$$rtexit$$00000000)
    .ARM.Collect$$rtexit$$00000002           0x08000228   Section        0  rtexit2.o(.ARM.Collect$$rtexit$$00000002)
    .ARM.Collect$$rtexit$$00000003           0x08000228   Section        4  rtexit2.o(.ARM.Collect$$rtexit$$00000003)
    .ARM.Collect$$rtexit$$00000004           0x0800022c   Section        6  rtexit2.o(.ARM.Collect$$rtexit$$00000004)
    .text                                    0x08000234   Section        0  stm32f10x_it.o(.text)
    .text                                    0x08000368   Section        0  system_stm32f10x.o(.text)
    SetSysClockTo72                          0x08000369   Thumb Code   214  system_stm32f10x.o(.text)
    SetSysClock                              0x0800043f   Thumb Code     8  system_stm32f10x.o(.text)
    .text                                    0x08000548   Section       64  startup_stm32f10x_md.o(.text)
    .text                                    0x08000588   Section        0  misc.o(.text)
    .text                                    0x08000664   Section        0  stm32f10x_gpio.o(.text)
    .text                                    0x080009c0   Section        0  stm32f10x_rcc.o(.text)
    .text                                    0x08000d64   Section        0  stm32f10x_usart.o(.text)
    .text                                    0x0800116c   Section        0  stm32f10x_exti.o(.text)
    .text                                    0x08001288   Section        0  stm32f10x_adc.o(.text)
    .text                                    0x080016d8   Section        0  delay.o(.text)
    .text                                    0x080017cc   Section        0  usart.o(.text)
    .text                                    0x080019b4   Section        0  led.o(.text)
    .text                                    0x08001a00   Section        0  key.o(.text)
    .text                                    0x08001aa8   Section        0  dht11.o(.text)
    .text                                    0x08001c48   Section        0  mq2.o(.text)
    .text                                    0x08001d50   Section        0  main.o(.text)
    .text                                    0x08001e30   Section        0  esp8266.o(.text)
    .text                                    0x08002118   Section        0  c89vsnprintf.o(.text)
    .text                                    0x0800214c   Section        0  __2sprintf.o(.text)
    .text                                    0x08002178   Section        0  _printf_str.o(.text)
    .text                                    0x080021cc   Section        0  _printf_dec.o(.text)
    .text                                    0x08002244   Section        0  __printf_flags_ss_wp.o(.text)
    .text                                    0x080023cc   Section        0  strchr.o(.text)
    .text                                    0x080023e0   Section        0  strstr.o(.text)
    .text                                    0x08002404   Section        0  strlen.o(.text)
    .text                                    0x08002442   Section       68  rt_memclr.o(.text)
    .text                                    0x08002486   Section       78  rt_memclr_w.o(.text)
    .text                                    0x080024d4   Section        0  heapauxi.o(.text)
    .text                                    0x080024da   Section        0  _printf_pad.o(.text)
    .text                                    0x08002528   Section        0  _printf_truncate.o(.text)
    .text                                    0x0800254c   Section        0  _printf_intcommon.o(.text)
    .text                                    0x080025fe   Section        0  _printf_charcount.o(.text)
    .text                                    0x08002628   Section        0  _printf_char_common.o(.text)
    _printf_input_char                       0x08002629   Thumb Code    10  _printf_char_common.o(.text)
    .text                                    0x08002658   Section        0  _sputc.o(.text)
    .text                                    0x08002662   Section        0  _snputc.o(.text)
    .text                                    0x08002672   Section        0  _printf_char.o(.text)
    .text                                    0x080026a0   Section        0  _printf_wctomb.o(.text)
    .text                                    0x0800275c   Section        0  _printf_longlong_dec.o(.text)
    .text                                    0x080027d8   Section        0  _printf_oct_int_ll.o(.text)
    _printf_longlong_oct_internal            0x080027d9   Thumb Code     0  _printf_oct_int_ll.o(.text)
    .text                                    0x08002848   Section        0  _printf_hex_int_ll_ptr.o(.text)
    _printf_hex_common                       0x08002849   Thumb Code     0  _printf_hex_int_ll_ptr.o(.text)
    .text                                    0x080028dc   Section        8  libspace.o(.text)
    .text                                    0x080028e4   Section       16  rt_ctype_table.o(.text)
    .text                                    0x080028f4   Section      138  lludiv10.o(.text)
    .text                                    0x0800297e   Section        0  _printf_fp_dec.o(.text)
    _fp_digits                               0x08002981   Thumb Code   432  _printf_fp_dec.o(.text)
    .text                                    0x08002d9c   Section        0  _printf_wchar.o(.text)
    .text                                    0x08002dc8   Section        0  _wcrtomb.o(.text)
    .text                                    0x08002e08   Section        2  use_no_semi.o(.text)
    .text                                    0x08002e0a   Section        0  indicate_semi.o(.text)
    .text                                    0x08002e0a   Section       74  sys_stackheap_outer.o(.text)
    .text                                    0x08002e54   Section        8  rt_locale_intlibspace.o(.text)
    .text                                    0x08002e5c   Section        0  _printf_fp_infnan.o(.text)
    .text                                    0x08002edc   Section        0  bigflt0.o(.text)
    .text                                    0x08002fc0   Section        0  exit.o(.text)
    .text                                    0x08002fd4   Section        0  sys_exit.o(.text)
    .text                                    0x08002fe0   Section      128  strcmpv7m.o(.text)
    CL$$btod_d2e                             0x08003060   Section       62  btod.o(CL$$btod_d2e)
    CL$$btod_d2e_denorm_low                  0x0800309e   Section       70  btod.o(CL$$btod_d2e_denorm_low)
    CL$$btod_d2e_norm_op1                    0x080030e4   Section       96  btod.o(CL$$btod_d2e_norm_op1)
    CL$$btod_div_common                      0x08003144   Section      824  btod.o(CL$$btod_div_common)
    CL$$btod_e2e                             0x0800347c   Section      220  btod.o(CL$$btod_e2e)
    CL$$btod_ediv                            0x08003558   Section       42  btod.o(CL$$btod_ediv)
    CL$$btod_emul                            0x08003582   Section       42  btod.o(CL$$btod_emul)
    CL$$btod_mult_common                     0x080035ac   Section      580  btod.o(CL$$btod_mult_common)
    i.__ARM_fpclassify                       0x080037f0   Section        0  fpclassify.o(i.__ARM_fpclassify)
    i._is_digit                              0x08003818   Section        0  __printf_wp.o(i._is_digit)
    locale$$code                             0x08003828   Section       44  lc_ctype_c.o(locale$$code)
    locale$$code                             0x08003854   Section       44  lc_numeric_c.o(locale$$code)
    x$fpl$dretinf                            0x08003880   Section       12  dretinf.o(x$fpl$dretinf)
    x$fpl$f2d                                0x0800388c   Section       86  f2d.o(x$fpl$f2d)
    x$fpl$fdiv                               0x080038e4   Section      388  fdiv.o(x$fpl$fdiv)
    _fdiv1                                   0x080038e5   Thumb Code     0  fdiv.o(x$fpl$fdiv)
    x$fpl$ffltu                              0x08003a68   Section       38  fflt_clz.o(x$fpl$ffltu)
    x$fpl$fmul                               0x08003a90   Section      258  fmul.o(x$fpl$fmul)
    x$fpl$fnaninf                            0x08003b92   Section      140  fnaninf.o(x$fpl$fnaninf)
    x$fpl$fretinf                            0x08003c1e   Section       10  fretinf.o(x$fpl$fretinf)
    x$fpl$printf1                            0x08003c28   Section        4  printf1.o(x$fpl$printf1)
    .constdata                               0x08003c2c   Section       17  __printf_flags_ss_wp.o(.constdata)
    x$fpl$usenofp                            0x08003c2c   Section        0  usenofp.o(x$fpl$usenofp)
    maptable                                 0x08003c2c   Data          17  __printf_flags_ss_wp.o(.constdata)
    .constdata                               0x08003c40   Section        8  _printf_wctomb.o(.constdata)
    initial_mbstate                          0x08003c40   Data           8  _printf_wctomb.o(.constdata)
    .constdata                               0x08003c48   Section       40  _printf_hex_int_ll_ptr.o(.constdata)
    uc_hextab                                0x08003c48   Data          20  _printf_hex_int_ll_ptr.o(.constdata)
    lc_hextab                                0x08003c5c   Data          20  _printf_hex_int_ll_ptr.o(.constdata)
    .constdata                               0x08003c70   Section      148  bigflt0.o(.constdata)
    tenpwrs_x                                0x08003c70   Data          60  bigflt0.o(.constdata)
    tenpwrs_i                                0x08003cac   Data          64  bigflt0.o(.constdata)
    locale$$data                             0x08003d24   Section      272  lc_ctype_c.o(locale$$data)
    __lcctype_c_name                         0x08003d28   Data           2  lc_ctype_c.o(locale$$data)
    __lcctype_c_start                        0x08003d30   Data           0  lc_ctype_c.o(locale$$data)
    locale$$data                             0x08003e34   Section       28  lc_numeric_c.o(locale$$data)
    __lcctype_c_end                          0x08003e34   Data           0  lc_ctype_c.o(locale$$data)
    __lcnum_c_name                           0x08003e38   Data           2  lc_numeric_c.o(locale$$data)
    __lcnum_c_start                          0x08003e40   Data           0  lc_numeric_c.o(locale$$data)
    __lcnum_c_point                          0x08003e4c   Data           0  lc_numeric_c.o(locale$$data)
    __lcnum_c_thousands                      0x08003e4e   Data           0  lc_numeric_c.o(locale$$data)
    __lcnum_c_grouping                       0x08003e4f   Data           0  lc_numeric_c.o(locale$$data)
    __lcnum_c_end                            0x08003e50   Data           0  lc_numeric_c.o(locale$$data)
    .data                                    0x20000000   Section       20  system_stm32f10x.o(.data)
    .data                                    0x20000014   Section       20  stm32f10x_rcc.o(.data)
    APBAHBPrescTable                         0x20000014   Data          16  stm32f10x_rcc.o(.data)
    ADCPrescTable                            0x20000024   Data           4  stm32f10x_rcc.o(.data)
    .data                                    0x20000028   Section        4  delay.o(.data)
    .data                                    0x2000002c   Section        1  led.o(.data)
    .data                                    0x20000030   Section       16  main.o(.data)
    .data                                    0x20000040   Section        4  esp8266.o(.data)
    .bss                                     0x20000044   Section      512  esp8266.o(.bss)
    .bss                                     0x20000244   Section       96  libspace.o(.bss)
    HEAP                                     0x200002a8   Section      512  startup_stm32f10x_md.o(HEAP)
    Heap_Mem                                 0x200002a8   Data         512  startup_stm32f10x_md.o(HEAP)
    STACK                                    0x200004a8   Section     1024  startup_stm32f10x_md.o(STACK)
    Stack_Mem                                0x200004a8   Data        1024  startup_stm32f10x_md.o(STACK)
    __initial_sp                             0x200008a8   Data           0  startup_stm32f10x_md.o(STACK)

    Global Symbols

    Symbol Name                              Value     Ov Type        Size  Object(Section)

    BuildAttributes$$THM_ISAv4$P$D$K$B$S$PE$A:L22UL41UL21$X:L11$S22US41US21$IEEE1$IW$USESV6$~STKCKD$USESV7$~SHL$OTIME$ROPI$IEEEJ$EBA8$UX$STANDARDLIB$REQ8$PRES8$EABIv2 0x00000000   Number         0  anon$$obj.o ABSOLUTE
    __ARM_use_no_argv                        0x00000000   Number         0  main.o ABSOLUTE
    _printf_flags                            0x00000000   Number         0  printf_stubs.o ABSOLUTE
    _printf_return_value                     0x00000000   Number         0  printf_stubs.o ABSOLUTE
    _printf_sizespec                         0x00000000   Number         0  printf_stubs.o ABSOLUTE
    _printf_widthprec                        0x00000000   Number         0  printf_stubs.o ABSOLUTE
    __ARM_exceptions_init                     - Undefined Weak Reference
    __alloca_initialize                       - Undefined Weak Reference
    __arm_preinit_                            - Undefined Weak Reference
    __cpp_initialize__aeabi_                  - Undefined Weak Reference
    __cxa_finalize                            - Undefined Weak Reference
    __sigvec_lookup                           - Undefined Weak Reference
    __user_heap_extent                        - Undefined Weak Reference
    _atexit_init                              - Undefined Weak Reference
    _call_atexit_fns                          - Undefined Weak Reference
    _clock_init                               - Undefined Weak Reference
    _fp_trap_init                             - Undefined Weak Reference
    _fp_trap_shutdown                         - Undefined Weak Reference
    _get_lc_collate                           - Undefined Weak Reference
    _get_lc_monetary                          - Undefined Weak Reference
    _get_lc_time                              - Undefined Weak Reference
    _getenv_init                              - Undefined Weak Reference
    _handle_redirection                       - Undefined Weak Reference
    _initio                                   - Undefined Weak Reference
    _mutex_acquire                            - Undefined Weak Reference
    _mutex_free                               - Undefined Weak Reference
    _mutex_release                            - Undefined Weak Reference
    _printf_fp_hex                            - Undefined Weak Reference
    _printf_mbtowc                            - Undefined Weak Reference
    _printf_wc                                - Undefined Weak Reference
    _rand_init                                - Undefined Weak Reference
    _scanf_longlong                           - Undefined Weak Reference
    _scanf_mbtowc                             - Undefined Weak Reference
    _scanf_real                               - Undefined Weak Reference
    _scanf_wctomb                             - Undefined Weak Reference
    _scanf_wstring                            - Undefined Weak Reference
    _signal_finish                            - Undefined Weak Reference
    _signal_init                              - Undefined Weak Reference
    _terminateio                              - Undefined Weak Reference
    __Vectors_Size                           0x000000ec   Number         0  startup_stm32f10x_md.o ABSOLUTE
    __Vectors                                0x08000000   Data           4  startup_stm32f10x_md.o(RESET)
    __Vectors_End                            0x080000ec   Data           0  startup_stm32f10x_md.o(RESET)
    __main                                   0x080000ed   Thumb Code     8  __main.o(!!!main)
    __scatterload                            0x080000f5   Thumb Code     0  __scatter.o(!!!scatter)
    __scatterload_rt2                        0x080000f5   Thumb Code    44  __scatter.o(!!!scatter)
    __scatterload_rt2_thumb_only             0x080000f5   Thumb Code     0  __scatter.o(!!!scatter)
    __scatterload_null                       0x08000103   Thumb Code     0  __scatter.o(!!!scatter)
    __scatterload_copy                       0x08000129   Thumb Code    26  __scatter_copy.o(!!handler_copy)
    __scatterload_zeroinit                   0x08000145   Thumb Code    28  __scatter_zi.o(!!handler_zi)
    _printf_n                                0x08000161   Thumb Code     0  _printf_n.o(.ARM.Collect$$_printf_percent$$00000001)
    _printf_percent                          0x08000161   Thumb Code     0  _printf_percent.o(.ARM.Collect$$_printf_percent$$00000000)
    _printf_p                                0x08000167   Thumb Code     0  _printf_p.o(.ARM.Collect$$_printf_percent$$00000002)
    _printf_f                                0x0800016d   Thumb Code     0  _printf_f.o(.ARM.Collect$$_printf_percent$$00000003)
    _printf_e                                0x08000173   Thumb Code     0  _printf_e.o(.ARM.Collect$$_printf_percent$$00000004)
    _printf_g                                0x08000179   Thumb Code     0  _printf_g.o(.ARM.Collect$$_printf_percent$$00000005)
    _printf_a                                0x0800017f   Thumb Code     0  _printf_a.o(.ARM.Collect$$_printf_percent$$00000006)
    _printf_ll                               0x08000185   Thumb Code     0  _printf_ll.o(.ARM.Collect$$_printf_percent$$00000007)
    _printf_i                                0x0800018f   Thumb Code     0  _printf_i.o(.ARM.Collect$$_printf_percent$$00000008)
    _printf_d                                0x08000195   Thumb Code     0  _printf_d.o(.ARM.Collect$$_printf_percent$$00000009)
    _printf_u                                0x0800019b   Thumb Code     0  _printf_u.o(.ARM.Collect$$_printf_percent$$0000000A)
    _printf_o                                0x080001a1   Thumb Code     0  _printf_o.o(.ARM.Collect$$_printf_percent$$0000000B)
    _printf_x                                0x080001a7   Thumb Code     0  _printf_x.o(.ARM.Collect$$_printf_percent$$0000000C)
    _printf_lli                              0x080001ad   Thumb Code     0  _printf_lli.o(.ARM.Collect$$_printf_percent$$0000000D)
    _printf_lld                              0x080001b3   Thumb Code     0  _printf_lld.o(.ARM.Collect$$_printf_percent$$0000000E)
    _printf_llu                              0x080001b9   Thumb Code     0  _printf_llu.o(.ARM.Collect$$_printf_percent$$0000000F)
    _printf_llo                              0x080001bf   Thumb Code     0  _printf_llo.o(.ARM.Collect$$_printf_percent$$00000010)
    _printf_llx                              0x080001c5   Thumb Code     0  _printf_llx.o(.ARM.Collect$$_printf_percent$$00000011)
    _printf_l                                0x080001cb   Thumb Code     0  _printf_l.o(.ARM.Collect$$_printf_percent$$00000012)
    _printf_c                                0x080001d5   Thumb Code     0  _printf_c.o(.ARM.Collect$$_printf_percent$$00000013)
    _printf_s                                0x080001db   Thumb Code     0  _printf_s.o(.ARM.Collect$$_printf_percent$$00000014)
    _printf_lc                               0x080001e1   Thumb Code     0  _printf_lc.o(.ARM.Collect$$_printf_percent$$00000015)
    _printf_ls                               0x080001e7   Thumb Code     0  _printf_ls.o(.ARM.Collect$$_printf_percent$$00000016)
    _printf_percent_end                      0x080001ed   Thumb Code     0  _printf_percent_end.o(.ARM.Collect$$_printf_percent$$00000017)
    __rt_lib_init                            0x080001f1   Thumb Code     0  libinit.o(.ARM.Collect$$libinit$$00000000)
    __rt_lib_init_fp_1                       0x080001f3   Thumb Code     0  libinit2.o(.ARM.Collect$$libinit$$00000002)
    __rt_lib_init_heap_1                     0x080001f3   Thumb Code     0  libinit2.o(.ARM.Collect$$libinit$$0000000A)
    __rt_lib_init_lc_common                  0x080001f3   Thumb Code     0  libinit2.o(.ARM.Collect$$libinit$$0000000F)
    __rt_lib_init_preinit_1                  0x080001f3   Thumb Code     0  libinit2.o(.ARM.Collect$$libinit$$00000004)
    __rt_lib_init_rand_1                     0x080001f3   Thumb Code     0  libinit2.o(.ARM.Collect$$libinit$$0000000E)
    __rt_lib_init_user_alloc_1               0x080001f3   Thumb Code     0  libinit2.o(.ARM.Collect$$libinit$$0000000C)
    __rt_lib_init_lc_collate_1               0x080001f9   Thumb Code     0  libinit2.o(.ARM.Collect$$libinit$$00000011)
    __rt_lib_init_lc_ctype_2                 0x080001f9   Thumb Code     0  libinit2.o(.ARM.Collect$$libinit$$00000012)
    __rt_lib_init_lc_ctype_1                 0x08000205   Thumb Code     0  libinit2.o(.ARM.Collect$$libinit$$00000013)
    __rt_lib_init_lc_monetary_1              0x08000205   Thumb Code     0  libinit2.o(.ARM.Collect$$libinit$$00000015)
    __rt_lib_init_lc_numeric_2               0x08000205   Thumb Code     0  libinit2.o(.ARM.Collect$$libinit$$00000016)
    __rt_lib_init_alloca_1                   0x0800020f   Thumb Code     0  libinit2.o(.ARM.Collect$$libinit$$0000002E)
    __rt_lib_init_argv_1                     0x0800020f   Thumb Code     0  libinit2.o(.ARM.Collect$$libinit$$0000002C)
    __rt_lib_init_atexit_1                   0x0800020f   Thumb Code     0  libinit2.o(.ARM.Collect$$libinit$$0000001B)
    __rt_lib_init_clock_1                    0x0800020f   Thumb Code     0  libinit2.o(.ARM.Collect$$libinit$$00000021)
    __rt_lib_init_cpp_1                      0x0800020f   Thumb Code     0  libinit2.o(.ARM.Collect$$libinit$$00000032)
    __rt_lib_init_exceptions_1               0x0800020f   Thumb Code     0  libinit2.o(.ARM.Collect$$libinit$$00000030)
    __rt_lib_init_fp_trap_1                  0x0800020f   Thumb Code     0  libinit2.o(.ARM.Collect$$libinit$$0000001F)
    __rt_lib_init_getenv_1                   0x0800020f   Thumb Code     0  libinit2.o(.ARM.Collect$$libinit$$00000023)
    __rt_lib_init_lc_numeric_1               0x0800020f   Thumb Code     0  libinit2.o(.ARM.Collect$$libinit$$00000017)
    __rt_lib_init_lc_time_1                  0x0800020f   Thumb Code     0  libinit2.o(.ARM.Collect$$libinit$$00000019)
    __rt_lib_init_return                     0x0800020f   Thumb Code     0  libinit2.o(.ARM.Collect$$libinit$$00000033)
    __rt_lib_init_signal_1                   0x0800020f   Thumb Code     0  libinit2.o(.ARM.Collect$$libinit$$0000001D)
    __rt_lib_init_stdio_1                    0x0800020f   Thumb Code     0  libinit2.o(.ARM.Collect$$libinit$$00000025)
    __rt_lib_shutdown                        0x08000211   Thumb Code     0  libshutdown.o(.ARM.Collect$$libshutdown$$00000000)
    __rt_lib_shutdown_cpp_1                  0x08000213   Thumb Code     0  libshutdown2.o(.ARM.Collect$$libshutdown$$00000002)
    __rt_lib_shutdown_fp_trap_1              0x08000213   Thumb Code     0  libshutdown2.o(.ARM.Collect$$libshutdown$$00000007)
    __rt_lib_shutdown_heap_1                 0x08000213   Thumb Code     0  libshutdown2.o(.ARM.Collect$$libshutdown$$0000000F)
    __rt_lib_shutdown_return                 0x08000213   Thumb Code     0  libshutdown2.o(.ARM.Collect$$libshutdown$$00000010)
    __rt_lib_shutdown_signal_1               0x08000213   Thumb Code     0  libshutdown2.o(.ARM.Collect$$libshutdown$$0000000A)
    __rt_lib_shutdown_stdio_1                0x08000213   Thumb Code     0  libshutdown2.o(.ARM.Collect$$libshutdown$$00000004)
    __rt_lib_shutdown_user_alloc_1           0x08000213   Thumb Code     0  libshutdown2.o(.ARM.Collect$$libshutdown$$0000000C)
    __rt_entry                               0x08000215   Thumb Code     0  __rtentry.o(.ARM.Collect$$rtentry$$00000000)
    __rt_entry_presh_1                       0x08000215   Thumb Code     0  __rtentry2.o(.ARM.Collect$$rtentry$$00000002)
    __rt_entry_sh                            0x08000215   Thumb Code     0  __rtentry4.o(.ARM.Collect$$rtentry$$00000004)
    __rt_entry_li                            0x0800021b   Thumb Code     0  __rtentry2.o(.ARM.Collect$$rtentry$$0000000A)
    __rt_entry_postsh_1                      0x0800021b   Thumb Code     0  __rtentry2.o(.ARM.Collect$$rtentry$$00000009)
    __rt_entry_main                          0x0800021f   Thumb Code     0  __rtentry2.o(.ARM.Collect$$rtentry$$0000000D)
    __rt_entry_postli_1                      0x0800021f   Thumb Code     0  __rtentry2.o(.ARM.Collect$$rtentry$$0000000C)
    __rt_exit                                0x08000227   Thumb Code     0  rtexit.o(.ARM.Collect$$rtexit$$00000000)
    __rt_exit_ls                             0x08000229   Thumb Code     0  rtexit2.o(.ARM.Collect$$rtexit$$00000003)
    __rt_exit_prels_1                        0x08000229   Thumb Code     0  rtexit2.o(.ARM.Collect$$rtexit$$00000002)
    __rt_exit_exit                           0x0800022d   Thumb Code     0  rtexit2.o(.ARM.Collect$$rtexit$$00000004)
    NMI_Handler                              0x08000235   Thumb Code     2  stm32f10x_it.o(.text)
    HardFault_Handler                        0x08000237   Thumb Code    12  stm32f10x_it.o(.text)
    MemManage_Handler                        0x08000243   Thumb Code    12  stm32f10x_it.o(.text)
    BusFault_Handler                         0x0800024f   Thumb Code    12  stm32f10x_it.o(.text)
    UsageFault_Handler                       0x0800025b   Thumb Code    12  stm32f10x_it.o(.text)
    SVC_Handler                              0x08000267   Thumb Code     2  stm32f10x_it.o(.text)
    DebugMon_Handler                         0x08000269   Thumb Code     2  stm32f10x_it.o(.text)
    SysTick_Handler                          0x0800026b   Thumb Code     2  stm32f10x_it.o(.text)
    EXTI0_IRQHandler                         0x0800026d   Thumb Code     2  stm32f10x_it.o(.text)
    RTC_IRQHandler                           0x0800026f   Thumb Code     2  stm32f10x_it.o(.text)
    SystemInit                               0x08000447   Thumb Code    78  system_stm32f10x.o(.text)
    SystemCoreClockUpdate                    0x08000495   Thumb Code   142  system_stm32f10x.o(.text)
    Reset_Handler                            0x08000549   Thumb Code     8  startup_stm32f10x_md.o(.text)
    PendSV_Handler                           0x0800055f   Thumb Code     2  startup_stm32f10x_md.o(.text)
    ADC1_2_IRQHandler                        0x08000563   Thumb Code     0  startup_stm32f10x_md.o(.text)
    CAN1_RX1_IRQHandler                      0x08000563   Thumb Code     0  startup_stm32f10x_md.o(.text)
    CAN1_SCE_IRQHandler                      0x08000563   Thumb Code     0  startup_stm32f10x_md.o(.text)
    DMA1_Channel1_IRQHandler                 0x08000563   Thumb Code     0  startup_stm32f10x_md.o(.text)
    DMA1_Channel2_IRQHandler                 0x08000563   Thumb Code     0  startup_stm32f10x_md.o(.text)
    DMA1_Channel3_IRQHandler                 0x08000563   Thumb Code     0  startup_stm32f10x_md.o(.text)
    DMA1_Channel4_IRQHandler                 0x08000563   Thumb Code     0  startup_stm32f10x_md.o(.text)
    DMA1_Channel5_IRQHandler                 0x08000563   Thumb Code     0  startup_stm32f10x_md.o(.text)
    DMA1_Channel6_IRQHandler                 0x08000563   Thumb Code     0  startup_stm32f10x_md.o(.text)
    DMA1_Channel7_IRQHandler                 0x08000563   Thumb Code     0  startup_stm32f10x_md.o(.text)
    EXTI15_10_IRQHandler                     0x08000563   Thumb Code     0  startup_stm32f10x_md.o(.text)
    EXTI2_IRQHandler                         0x08000563   Thumb Code     0  startup_stm32f10x_md.o(.text)
    EXTI3_IRQHandler                         0x08000563   Thumb Code     0  startup_stm32f10x_md.o(.text)
    EXTI4_IRQHandler                         0x08000563   Thumb Code     0  startup_stm32f10x_md.o(.text)
    EXTI9_5_IRQHandler                       0x08000563   Thumb Code     0  startup_stm32f10x_md.o(.text)
    FLASH_IRQHandler                         0x08000563   Thumb Code     0  startup_stm32f10x_md.o(.text)
    I2C1_ER_IRQHandler                       0x08000563   Thumb Code     0  startup_stm32f10x_md.o(.text)
    I2C1_EV_IRQHandler                       0x08000563   Thumb Code     0  startup_stm32f10x_md.o(.text)
    I2C2_ER_IRQHandler                       0x08000563   Thumb Code     0  startup_stm32f10x_md.o(.text)
    I2C2_EV_IRQHandler                       0x08000563   Thumb Code     0  startup_stm32f10x_md.o(.text)
    PVD_IRQHandler                           0x08000563   Thumb Code     0  startup_stm32f10x_md.o(.text)
    RCC_IRQHandler                           0x08000563   Thumb Code     0  startup_stm32f10x_md.o(.text)
    RTCAlarm_IRQHandler                      0x08000563   Thumb Code     0  startup_stm32f10x_md.o(.text)
    SPI1_IRQHandler                          0x08000563   Thumb Code     0  startup_stm32f10x_md.o(.text)
    SPI2_IRQHandler                          0x08000563   Thumb Code     0  startup_stm32f10x_md.o(.text)
    TAMPER_IRQHandler                        0x08000563   Thumb Code     0  startup_stm32f10x_md.o(.text)
    TIM1_BRK_IRQHandler                      0x08000563   Thumb Code     0  startup_stm32f10x_md.o(.text)
    TIM1_CC_IRQHandler                       0x08000563   Thumb Code     0  startup_stm32f10x_md.o(.text)
    TIM1_TRG_COM_IRQHandler                  0x08000563   Thumb Code     0  startup_stm32f10x_md.o(.text)
    TIM1_UP_IRQHandler                       0x08000563   Thumb Code     0  startup_stm32f10x_md.o(.text)
    TIM2_IRQHandler                          0x08000563   Thumb Code     0  startup_stm32f10x_md.o(.text)
    TIM3_IRQHandler                          0x08000563   Thumb Code     0  startup_stm32f10x_md.o(.text)
    TIM4_IRQHandler                          0x08000563   Thumb Code     0  startup_stm32f10x_md.o(.text)
    USART3_IRQHandler                        0x08000563   Thumb Code     0  startup_stm32f10x_md.o(.text)
    USBWakeUp_IRQHandler                     0x08000563   Thumb Code     0  startup_stm32f10x_md.o(.text)
    USB_HP_CAN1_TX_IRQHandler                0x08000563   Thumb Code     0  startup_stm32f10x_md.o(.text)
    USB_LP_CAN1_RX0_IRQHandler               0x08000563   Thumb Code     0  startup_stm32f10x_md.o(.text)
    WWDG_IRQHandler                          0x08000563   Thumb Code     0  startup_stm32f10x_md.o(.text)
    __user_initial_stackheap                 0x08000565   Thumb Code     0  startup_stm32f10x_md.o(.text)
    NVIC_PriorityGroupConfig                 0x08000589   Thumb Code    10  misc.o(.text)
    NVIC_Init                                0x08000593   Thumb Code   100  misc.o(.text)
    NVIC_SetVectorTable                      0x080005f7   Thumb Code    14  misc.o(.text)
    NVIC_SystemLPConfig                      0x08000605   Thumb Code    34  misc.o(.text)
    SysTick_CLKSourceConfig                  0x08000627   Thumb Code    40  misc.o(.text)
    GPIO_DeInit                              0x08000665   Thumb Code   172  stm32f10x_gpio.o(.text)
    GPIO_AFIODeInit                          0x08000711   Thumb Code    20  stm32f10x_gpio.o(.text)
    GPIO_Init                                0x08000725   Thumb Code   278  stm32f10x_gpio.o(.text)
    GPIO_StructInit                          0x0800083b   Thumb Code    16  stm32f10x_gpio.o(.text)
    GPIO_ReadInputDataBit                    0x0800084b   Thumb Code    18  stm32f10x_gpio.o(.text)
    GPIO_ReadInputData                       0x0800085d   Thumb Code     8  stm32f10x_gpio.o(.text)
    GPIO_ReadOutputDataBit                   0x08000865   Thumb Code    18  stm32f10x_gpio.o(.text)
    GPIO_ReadOutputData                      0x08000877   Thumb Code     8  stm32f10x_gpio.o(.text)
    GPIO_SetBits                             0x0800087f   Thumb Code     4  stm32f10x_gpio.o(.text)
    GPIO_ResetBits                           0x08000883   Thumb Code     4  stm32f10x_gpio.o(.text)
    GPIO_WriteBit                            0x08000887   Thumb Code    10  stm32f10x_gpio.o(.text)
    GPIO_Write                               0x08000891   Thumb Code     4  stm32f10x_gpio.o(.text)
    GPIO_PinLockConfig                       0x08000895   Thumb Code    18  stm32f10x_gpio.o(.text)
    GPIO_EventOutputConfig                   0x080008a7   Thumb Code    26  stm32f10x_gpio.o(.text)
    GPIO_EventOutputCmd                      0x080008c1   Thumb Code     6  stm32f10x_gpio.o(.text)
    GPIO_PinRemapConfig                      0x080008c7   Thumb Code   138  stm32f10x_gpio.o(.text)
    GPIO_EXTILineConfig                      0x08000951   Thumb Code    66  stm32f10x_gpio.o(.text)
    GPIO_ETH_MediaInterfaceConfig            0x08000993   Thumb Code     8  stm32f10x_gpio.o(.text)
    RCC_DeInit                               0x080009c1   Thumb Code    64  stm32f10x_rcc.o(.text)
    RCC_HSEConfig                            0x08000a01   Thumb Code    70  stm32f10x_rcc.o(.text)
    RCC_GetFlagStatus                        0x08000a47   Thumb Code    56  stm32f10x_rcc.o(.text)
    RCC_WaitForHSEStartUp                    0x08000a7f   Thumb Code    56  stm32f10x_rcc.o(.text)
    RCC_AdjustHSICalibrationValue            0x08000ab7   Thumb Code    20  stm32f10x_rcc.o(.text)
    RCC_HSICmd                               0x08000acb   Thumb Code     6  stm32f10x_rcc.o(.text)
    RCC_PLLConfig                            0x08000ad1   Thumb Code    24  stm32f10x_rcc.o(.text)
    RCC_PLLCmd                               0x08000ae9   Thumb Code     6  stm32f10x_rcc.o(.text)
    RCC_SYSCLKConfig                         0x08000aef   Thumb Code    18  stm32f10x_rcc.o(.text)
    RCC_GetSYSCLKSource                      0x08000b01   Thumb Code    10  stm32f10x_rcc.o(.text)
    RCC_HCLKConfig                           0x08000b0b   Thumb Code    18  stm32f10x_rcc.o(.text)
    RCC_PCLK1Config                          0x08000b1d   Thumb Code    18  stm32f10x_rcc.o(.text)
    RCC_PCLK2Config                          0x08000b2f   Thumb Code    20  stm32f10x_rcc.o(.text)
    RCC_ITConfig                             0x08000b43   Thumb Code    26  stm32f10x_rcc.o(.text)
    RCC_USBCLKConfig                         0x08000b5d   Thumb Code     8  stm32f10x_rcc.o(.text)
    RCC_ADCCLKConfig                         0x08000b65   Thumb Code    18  stm32f10x_rcc.o(.text)
    RCC_LSEConfig                            0x08000b77   Thumb Code    50  stm32f10x_rcc.o(.text)
    RCC_LSICmd                               0x08000ba9   Thumb Code     6  stm32f10x_rcc.o(.text)
    RCC_RTCCLKConfig                         0x08000baf   Thumb Code    12  stm32f10x_rcc.o(.text)
    RCC_RTCCLKCmd                            0x08000bbb   Thumb Code     8  stm32f10x_rcc.o(.text)
    RCC_GetClocksFreq                        0x08000bc3   Thumb Code   192  stm32f10x_rcc.o(.text)
    RCC_AHBPeriphClockCmd                    0x08000c83   Thumb Code    26  stm32f10x_rcc.o(.text)
    RCC_APB2PeriphClockCmd                   0x08000c9d   Thumb Code    26  stm32f10x_rcc.o(.text)
    RCC_APB1PeriphClockCmd                   0x08000cb7   Thumb Code    26  stm32f10x_rcc.o(.text)
    RCC_APB2PeriphResetCmd                   0x08000cd1   Thumb Code    26  stm32f10x_rcc.o(.text)
    RCC_APB1PeriphResetCmd                   0x08000ceb   Thumb Code    26  stm32f10x_rcc.o(.text)
    RCC_BackupResetCmd                       0x08000d05   Thumb Code     8  stm32f10x_rcc.o(.text)
    RCC_ClockSecuritySystemCmd               0x08000d0d   Thumb Code     6  stm32f10x_rcc.o(.text)
    RCC_MCOConfig                            0x08000d13   Thumb Code     6  stm32f10x_rcc.o(.text)
    RCC_ClearFlag                            0x08000d19   Thumb Code    14  stm32f10x_rcc.o(.text)
    RCC_GetITStatus                          0x08000d27   Thumb Code    20  stm32f10x_rcc.o(.text)
    RCC_ClearITPendingBit                    0x08000d3b   Thumb Code     6  stm32f10x_rcc.o(.text)
    USART_DeInit                             0x08000d65   Thumb Code   134  stm32f10x_usart.o(.text)
    USART_Init                               0x08000deb   Thumb Code   210  stm32f10x_usart.o(.text)
    USART_StructInit                         0x08000ebd   Thumb Code    24  stm32f10x_usart.o(.text)
    USART_ClockInit                          0x08000ed5   Thumb Code    34  stm32f10x_usart.o(.text)
    USART_ClockStructInit                    0x08000ef7   Thumb Code    12  stm32f10x_usart.o(.text)
    USART_Cmd                                0x08000f03   Thumb Code    24  stm32f10x_usart.o(.text)
    USART_ITConfig                           0x08000f1b   Thumb Code    74  stm32f10x_usart.o(.text)
    USART_DMACmd                             0x08000f65   Thumb Code    18  stm32f10x_usart.o(.text)
    USART_SetAddress                         0x08000f77   Thumb Code    18  stm32f10x_usart.o(.text)
    USART_WakeUpConfig                       0x08000f89   Thumb Code    18  stm32f10x_usart.o(.text)
    USART_ReceiverWakeUpCmd                  0x08000f9b   Thumb Code    24  stm32f10x_usart.o(.text)
    USART_LINBreakDetectLengthConfig         0x08000fb3   Thumb Code    18  stm32f10x_usart.o(.text)
    USART_LINCmd                             0x08000fc5   Thumb Code    24  stm32f10x_usart.o(.text)
    USART_SendData                           0x08000fdd   Thumb Code     8  stm32f10x_usart.o(.text)
    USART_ReceiveData                        0x08000fe5   Thumb Code    10  stm32f10x_usart.o(.text)
    USART_SendBreak                          0x08000fef   Thumb Code    10  stm32f10x_usart.o(.text)
    USART_SetGuardTime                       0x08000ff9   Thumb Code    16  stm32f10x_usart.o(.text)
    USART_SetPrescaler                       0x08001009   Thumb Code    16  stm32f10x_usart.o(.text)
    USART_SmartCardCmd                       0x08001019   Thumb Code    24  stm32f10x_usart.o(.text)
    USART_SmartCardNACKCmd                   0x08001031   Thumb Code    24  stm32f10x_usart.o(.text)
    USART_HalfDuplexCmd                      0x08001049   Thumb Code    24  stm32f10x_usart.o(.text)
    USART_OverSampling8Cmd                   0x08001061   Thumb Code    22  stm32f10x_usart.o(.text)
    USART_OneBitMethodCmd                    0x08001077   Thumb Code    24  stm32f10x_usart.o(.text)
    USART_IrDAConfig                         0x0800108f   Thumb Code    18  stm32f10x_usart.o(.text)
    USART_IrDACmd                            0x080010a1   Thumb Code    24  stm32f10x_usart.o(.text)
    USART_GetFlagStatus                      0x080010b9   Thumb Code    26  stm32f10x_usart.o(.text)
    USART_ClearFlag                          0x080010d3   Thumb Code    18  stm32f10x_usart.o(.text)
    USART_GetITStatus                        0x080010e5   Thumb Code    84  stm32f10x_usart.o(.text)
    USART_ClearITPendingBit                  0x08001139   Thumb Code    52  stm32f10x_usart.o(.text)
    EXTI_DeInit                              0x0800116d   Thumb Code    28  stm32f10x_exti.o(.text)
    EXTI_Init                                0x08001189   Thumb Code   142  stm32f10x_exti.o(.text)
    EXTI_StructInit                          0x08001217   Thumb Code    16  stm32f10x_exti.o(.text)
    EXTI_GenerateSWInterrupt                 0x08001227   Thumb Code    16  stm32f10x_exti.o(.text)
    EXTI_GetFlagStatus                       0x08001237   Thumb Code    22  stm32f10x_exti.o(.text)
    EXTI_ClearFlag                           0x0800124d   Thumb Code     8  stm32f10x_exti.o(.text)
    EXTI_GetITStatus                         0x08001255   Thumb Code    34  stm32f10x_exti.o(.text)
    EXTI_ClearITPendingBit                   0x08001277   Thumb Code     8  stm32f10x_exti.o(.text)
    ADC_DeInit                               0x08001289   Thumb Code    78  stm32f10x_adc.o(.text)
    ADC_Init                                 0x080012d7   Thumb Code    70  stm32f10x_adc.o(.text)
    ADC_StructInit                           0x0800131d   Thumb Code    18  stm32f10x_adc.o(.text)
    ADC_Cmd                                  0x0800132f   Thumb Code    22  stm32f10x_adc.o(.text)
    ADC_DMACmd                               0x08001345   Thumb Code    22  stm32f10x_adc.o(.text)
    ADC_ITConfig                             0x0800135b   Thumb Code    24  stm32f10x_adc.o(.text)
    ADC_ResetCalibration                     0x08001373   Thumb Code    10  stm32f10x_adc.o(.text)
    ADC_GetResetCalibrationStatus            0x0800137d   Thumb Code    20  stm32f10x_adc.o(.text)
    ADC_StartCalibration                     0x08001391   Thumb Code    10  stm32f10x_adc.o(.text)
    ADC_GetCalibrationStatus                 0x0800139b   Thumb Code    20  stm32f10x_adc.o(.text)
    ADC_SoftwareStartConvCmd                 0x080013af   Thumb Code    22  stm32f10x_adc.o(.text)
    ADC_GetSoftwareStartConvStatus           0x080013c5   Thumb Code    20  stm32f10x_adc.o(.text)
    ADC_DiscModeChannelCountConfig           0x080013d9   Thumb Code    24  stm32f10x_adc.o(.text)
    ADC_DiscModeCmd                          0x080013f1   Thumb Code    22  stm32f10x_adc.o(.text)
    ADC_RegularChannelConfig                 0x08001407   Thumb Code   184  stm32f10x_adc.o(.text)
    ADC_ExternalTrigConvCmd                  0x080014bf   Thumb Code    22  stm32f10x_adc.o(.text)
    ADC_GetConversionValue                   0x080014d5   Thumb Code     8  stm32f10x_adc.o(.text)
    ADC_GetDualModeConversionValue           0x080014dd   Thumb Code     8  stm32f10x_adc.o(.text)
    ADC_AutoInjectedConvCmd                  0x080014e5   Thumb Code    22  stm32f10x_adc.o(.text)
    ADC_InjectedDiscModeCmd                  0x080014fb   Thumb Code    22  stm32f10x_adc.o(.text)
    ADC_ExternalTrigInjectedConvConfig       0x08001511   Thumb Code    16  stm32f10x_adc.o(.text)
    ADC_ExternalTrigInjectedConvCmd          0x08001521   Thumb Code    22  stm32f10x_adc.o(.text)
    ADC_SoftwareStartInjectedConvCmd         0x08001537   Thumb Code    22  stm32f10x_adc.o(.text)
    ADC_GetSoftwareStartInjectedConvCmdStatus 0x0800154d   Thumb Code    20  stm32f10x_adc.o(.text)
    ADC_InjectedChannelConfig                0x08001561   Thumb Code   130  stm32f10x_adc.o(.text)
    ADC_InjectedSequencerLengthConfig        0x080015e3   Thumb Code    24  stm32f10x_adc.o(.text)
    ADC_SetInjectedOffset                    0x080015fb   Thumb Code    20  stm32f10x_adc.o(.text)
    ADC_GetInjectedConversionValue           0x0800160f   Thumb Code    28  stm32f10x_adc.o(.text)
    ADC_AnalogWatchdogCmd                    0x0800162b   Thumb Code    16  stm32f10x_adc.o(.text)
    ADC_AnalogWatchdogThresholdsConfig       0x0800163b   Thumb Code     6  stm32f10x_adc.o(.text)
    ADC_AnalogWatchdogSingleChannelConfig    0x08001641   Thumb Code    16  stm32f10x_adc.o(.text)
    ADC_TempSensorVrefintCmd                 0x08001651   Thumb Code    64  stm32f10x_adc.o(.text)
    ADC_GetFlagStatus                        0x08001691   Thumb Code    18  stm32f10x_adc.o(.text)
    ADC_ClearFlag                            0x080016a3   Thumb Code     6  stm32f10x_adc.o(.text)
    ADC_GetITStatus                          0x080016a9   Thumb Code    36  stm32f10x_adc.o(.text)
    ADC_ClearITPendingBit                    0x080016cd   Thumb Code    10  stm32f10x_adc.o(.text)
    Delay_Init                               0x080016d9   Thumb Code    48  delay.o(.text)
    DelayUs                                  0x08001709   Thumb Code    60  delay.o(.text)
    DelayXms                                 0x08001745   Thumb Code    66  delay.o(.text)
    DelayMs                                  0x08001787   Thumb Code    60  delay.o(.text)
    Usart1_Init                              0x080017cd   Thumb Code   166  usart.o(.text)
    Usart2_Init                              0x08001873   Thumb Code   162  usart.o(.text)
    Usart_SendString                         0x08001915   Thumb Code    50  usart.o(.text)
    UsartPrintf                              0x08001947   Thumb Code    72  usart.o(.text)
    USART1_IRQHandler                        0x0800198f   Thumb Code    24  usart.o(.text)
    LED_Set                                  0x080019b5   Thumb Code    24  led.o(.text)
    LED_Init                                 0x080019cd   Thumb Code    44  led.o(.text)
    Key_Init                                 0x08001a01   Thumb Code   110  key.o(.text)
    EXTI1_IRQHandler                         0x08001a6f   Thumb Code    48  key.o(.text)
    DHT11_Rst                                0x08001aa9   Thumb Code    58  dht11.o(.text)
    DHT11_Check                              0x08001ae3   Thumb Code   100  dht11.o(.text)
    DHT11_Read_Bit                           0x08001b47   Thumb Code    82  dht11.o(.text)
    DHT11_Read_Byte                          0x08001b99   Thumb Code    30  dht11.o(.text)
    DHT11_Read_Data                          0x08001bb7   Thumb Code    88  dht11.o(.text)
    DHT11_Init                               0x08001c0f   Thumb Code    54  dht11.o(.text)
    MQ2_Init                                 0x08001c49   Thumb Code   126  mq2.o(.text)
    MQ2_Read_ADC                             0x08001cc7   Thumb Code    48  mq2.o(.text)
    MQ2_Read_Average                         0x08001cf7   Thumb Code    38  mq2.o(.text)
    MQ2_Read_PPM                             0x08001d1d   Thumb Code    34  mq2.o(.text)
    Hardware_Init                            0x08001d51   Thumb Code    78  main.o(.text)
    main                                     0x08001d9f   Thumb Code    70  main.o(.text)
    ESP8266_Clear                            0x08001e31   Thumb Code    20  esp8266.o(.text)
    ESP8266_WaitRecive                       0x08001e45   Thumb Code    42  esp8266.o(.text)
    ESP8266_SendCmd                          0x08001e6f   Thumb Code    76  esp8266.o(.text)
    ESP8266_SendData                         0x08001ebb   Thumb Code    46  esp8266.o(.text)
    ESP8266_GetIPD                           0x08001ee9   Thumb Code    68  esp8266.o(.text)
    ESP8266_Init                             0x08001f2d   Thumb Code   206  esp8266.o(.text)
    USART2_IRQHandler                        0x08001ffb   Thumb Code    64  esp8266.o(.text)
    __c89vsnprintf                           0x08002119   Thumb Code    48  c89vsnprintf.o(.text)
    __2sprintf                               0x0800214d   Thumb Code    38  __2sprintf.o(.text)
    _printf_str                              0x08002179   Thumb Code    82  _printf_str.o(.text)
    _printf_int_dec                          0x080021cd   Thumb Code   104  _printf_dec.o(.text)
    __printf                                 0x08002245   Thumb Code   388  __printf_flags_ss_wp.o(.text)
    strchr                                   0x080023cd   Thumb Code    20  strchr.o(.text)
    strstr                                   0x080023e1   Thumb Code    36  strstr.o(.text)
    strlen                                   0x08002405   Thumb Code    62  strlen.o(.text)
    __aeabi_memclr                           0x08002443   Thumb Code     0  rt_memclr.o(.text)
    __rt_memclr                              0x08002443   Thumb Code    68  rt_memclr.o(.text)
    _memset                                  0x08002447   Thumb Code     0  rt_memclr.o(.text)
    __aeabi_memclr4                          0x08002487   Thumb Code     0  rt_memclr_w.o(.text)
    __aeabi_memclr8                          0x08002487   Thumb Code     0  rt_memclr_w.o(.text)
    __rt_memclr_w                            0x08002487   Thumb Code    78  rt_memclr_w.o(.text)
    _memset_w                                0x0800248b   Thumb Code     0  rt_memclr_w.o(.text)
    __use_two_region_memory                  0x080024d5   Thumb Code     2  heapauxi.o(.text)
    __rt_heap_escrow                         0x080024d7   Thumb Code     2  heapauxi.o(.text)
    __rt_heap_expand                         0x080024d9   Thumb Code     2  heapauxi.o(.text)
    _printf_pre_padding                      0x080024db   Thumb Code    44  _printf_pad.o(.text)
    _printf_post_padding                     0x08002507   Thumb Code    34  _printf_pad.o(.text)
    _printf_truncate_signed                  0x08002529   Thumb Code    18  _printf_truncate.o(.text)
    _printf_truncate_unsigned                0x0800253b   Thumb Code    18  _printf_truncate.o(.text)
    _printf_int_common                       0x0800254d   Thumb Code   178  _printf_intcommon.o(.text)
    _printf_charcount                        0x080025ff   Thumb Code    40  _printf_charcount.o(.text)
    _printf_char_common                      0x08002633   Thumb Code    32  _printf_char_common.o(.text)
    _sputc                                   0x08002659   Thumb Code    10  _sputc.o(.text)
    _snputc                                  0x08002663   Thumb Code    16  _snputc.o(.text)
    _printf_cs_common                        0x08002673   Thumb Code    20  _printf_char.o(.text)
    _printf_char                             0x08002687   Thumb Code    16  _printf_char.o(.text)
    _printf_string                           0x08002697   Thumb Code     8  _printf_char.o(.text)
    _printf_wctomb                           0x080026a1   Thumb Code   182  _printf_wctomb.o(.text)
    _printf_longlong_dec                     0x0800275d   Thumb Code   108  _printf_longlong_dec.o(.text)
    _printf_longlong_oct                     0x080027d9   Thumb Code    66  _printf_oct_int_ll.o(.text)
    _printf_int_oct                          0x0800281b   Thumb Code    24  _printf_oct_int_ll.o(.text)
    _printf_ll_oct                           0x08002833   Thumb Code    12  _printf_oct_int_ll.o(.text)
    _printf_longlong_hex                     0x08002849   Thumb Code    86  _printf_hex_int_ll_ptr.o(.text)
    _printf_int_hex                          0x0800289f   Thumb Code    28  _printf_hex_int_ll_ptr.o(.text)
    _printf_ll_hex                           0x080028bb   Thumb Code    12  _printf_hex_int_ll_ptr.o(.text)
    _printf_hex_ptr                          0x080028c7   Thumb Code    18  _printf_hex_int_ll_ptr.o(.text)
    __user_libspace                          0x080028dd   Thumb Code     8  libspace.o(.text)
    __user_perproc_libspace                  0x080028dd   Thumb Code     0  libspace.o(.text)
    __user_perthread_libspace                0x080028dd   Thumb Code     0  libspace.o(.text)
    __rt_ctype_table                         0x080028e5   Thumb Code    16  rt_ctype_table.o(.text)
    _ll_udiv10                               0x080028f5   Thumb Code   138  lludiv10.o(.text)
    __lib_sel_fp_printf                      0x0800297f   Thumb Code     2  _printf_fp_dec.o(.text)
    _printf_fp_dec_real                      0x08002b31   Thumb Code   620  _printf_fp_dec.o(.text)
    _printf_lcs_common                       0x08002d9d   Thumb Code    20  _printf_wchar.o(.text)
    _printf_wchar                            0x08002db1   Thumb Code    16  _printf_wchar.o(.text)
    _printf_wstring                          0x08002dc1   Thumb Code     8  _printf_wchar.o(.text)
    _wcrtomb                                 0x08002dc9   Thumb Code    64  _wcrtomb.o(.text)
    __I$use$semihosting                      0x08002e09   Thumb Code     0  use_no_semi.o(.text)
    __use_no_semihosting_swi                 0x08002e09   Thumb Code     2  use_no_semi.o(.text)
    __semihosting_library_function           0x08002e0b   Thumb Code     0  indicate_semi.o(.text)
    __user_setup_stackheap                   0x08002e0b   Thumb Code    74  sys_stackheap_outer.o(.text)
    __rt_locale                              0x08002e55   Thumb Code     8  rt_locale_intlibspace.o(.text)
    _printf_fp_infnan                        0x08002e5d   Thumb Code   112  _printf_fp_infnan.o(.text)
    _btod_etento                             0x08002edd   Thumb Code   224  bigflt0.o(.text)
    exit                                     0x08002fc1   Thumb Code    18  exit.o(.text)
    _sys_exit                                0x08002fd5   Thumb Code     8  sys_exit.o(.text)
    strcmp                                   0x08002fe1   Thumb Code   128  strcmpv7m.o(.text)
    _btod_d2e                                0x08003061   Thumb Code    62  btod.o(CL$$btod_d2e)
    _d2e_denorm_low                          0x0800309f   Thumb Code    70  btod.o(CL$$btod_d2e_denorm_low)
    _d2e_norm_op1                            0x080030e5   Thumb Code    96  btod.o(CL$$btod_d2e_norm_op1)
    __btod_div_common                        0x08003145   Thumb Code   696  btod.o(CL$$btod_div_common)
    _e2e                                     0x0800347d   Thumb Code   220  btod.o(CL$$btod_e2e)
    _btod_ediv                               0x08003559   Thumb Code    42  btod.o(CL$$btod_ediv)
    _btod_emul                               0x08003583   Thumb Code    42  btod.o(CL$$btod_emul)
    __btod_mult_common                       0x080035ad   Thumb Code   580  btod.o(CL$$btod_mult_common)
    __ARM_fpclassify                         0x080037f1   Thumb Code    40  fpclassify.o(i.__ARM_fpclassify)
    _is_digit                                0x08003819   Thumb Code    14  __printf_wp.o(i._is_digit)
    _get_lc_ctype                            0x08003829   Thumb Code    44  lc_ctype_c.o(locale$$code)
    _get_lc_numeric                          0x08003855   Thumb Code    44  lc_numeric_c.o(locale$$code)
    __fpl_dretinf                            0x08003881   Thumb Code    12  dretinf.o(x$fpl$dretinf)
    __aeabi_f2d                              0x0800388d   Thumb Code     0  f2d.o(x$fpl$f2d)
    _f2d                                     0x0800388d   Thumb Code    86  f2d.o(x$fpl$f2d)
    __aeabi_fdiv                             0x080038e5   Thumb Code     0  fdiv.o(x$fpl$fdiv)
    _fdiv                                    0x080038e5   Thumb Code   384  fdiv.o(x$fpl$fdiv)
    __aeabi_ui2f                             0x08003a69   Thumb Code     0  fflt_clz.o(x$fpl$ffltu)
    _ffltu                                   0x08003a69   Thumb Code    38  fflt_clz.o(x$fpl$ffltu)
    __aeabi_fmul                             0x08003a91   Thumb Code     0  fmul.o(x$fpl$fmul)
    _fmul                                    0x08003a91   Thumb Code   258  fmul.o(x$fpl$fmul)
    __fpl_fnaninf                            0x08003b93   Thumb Code   140  fnaninf.o(x$fpl$fnaninf)
    __fpl_fretinf                            0x08003c1f   Thumb Code    10  fretinf.o(x$fpl$fretinf)
    _printf_fp_dec                           0x08003c29   Thumb Code     4  printf1.o(x$fpl$printf1)
    __I$use$fp                               0x08003c2c   Number         0  usenofp.o(x$fpl$usenofp)
    Region$$Table$$Base                      0x08003d04   Number         0  anon$$obj.o(Region$$Table)
    Region$$Table$$Limit                     0x08003d24   Number         0  anon$$obj.o(Region$$Table)
    __ctype                                  0x08003d31   Data           0  lc_ctype_c.o(locale$$data)
    SystemCoreClock                          0x20000000   Data           4  system_stm32f10x.o(.data)
    AHBPrescTable                            0x20000004   Data          16  system_stm32f10x.o(.data)
    UsCount                                  0x20000028   Data           1  delay.o(.data)
    MsCount                                  0x2000002a   Data           2  delay.o(.data)
    LED_info                                 0x2000002c   Data           1  led.o(.data)
    temp                                     0x20000030   Data           1  main.o(.data)
    humi                                     0x20000031   Data           1  main.o(.data)
    MQ2_Value                                0x20000034   Data           4  main.o(.data)
    adc_val                                  0x20000038   Data           2  main.o(.data)
    ppm                                      0x2000003c   Data           4  main.o(.data)
    esp8266_cnt                              0x20000040   Data           2  esp8266.o(.data)
    esp8266_cntPre                           0x20000042   Data           2  esp8266.o(.data)
    esp8266_buf                              0x20000044   Data         512  esp8266.o(.bss)
    __libspace_start                         0x20000244   Data          96  libspace.o(.bss)
    __temporary_stack_top$libspace           0x200002a4   Data           0  libspace.o(.bss)



==============================================================================

Memory Map of the image

  Image Entry point : 0x080000ed

  Load Region LR_IROM1 (Base: 0x08000000, Size: 0x00003e94, Max: 0x00010000, ABSOLUTE)

    Execution Region ER_IROM1 (Exec base: 0x08000000, Load base: 0x08000000, Size: 0x00003e50, Max: 0x00010000, ABSOLUTE)

    Exec Addr    Load Addr    Size         Type   Attr      Idx    E Section Name        Object

    0x08000000   0x08000000   0x000000ec   Data   RO          139    RESET               startup_stm32f10x_md.o
    0x080000ec   0x080000ec   0x00000008   Code   RO          672  * !!!main             c_w.l(__main.o)
    0x080000f4   0x080000f4   0x00000034   Code   RO         1042    !!!scatter          c_w.l(__scatter.o)
    0x08000128   0x08000128   0x0000001a   Code   RO         1044    !!handler_copy      c_w.l(__scatter_copy.o)
    0x08000142   0x08000142   0x00000002   PAD
    0x08000144   0x08000144   0x0000001c   Code   RO         1046    !!handler_zi        c_w.l(__scatter_zi.o)
    0x08000160   0x08000160   0x00000000   Code   RO          643    .ARM.Collect$$_printf_percent$$00000000  c_w.l(_printf_percent.o)
    0x08000160   0x08000160   0x00000006   Code   RO          770    .ARM.Collect$$_printf_percent$$00000001  c_w.l(_printf_n.o)
    0x08000166   0x08000166   0x00000006   Code   RO          772    .ARM.Collect$$_printf_percent$$00000002  c_w.l(_printf_p.o)
    0x0800016c   0x0800016c   0x00000006   Code   RO          776    .ARM.Collect$$_printf_percent$$00000003  c_w.l(_printf_f.o)
    0x08000172   0x08000172   0x00000006   Code   RO          777    .ARM.Collect$$_printf_percent$$00000004  c_w.l(_printf_e.o)
    0x08000178   0x08000178   0x00000006   Code   RO          778    .ARM.Collect$$_printf_percent$$00000005  c_w.l(_printf_g.o)
    0x0800017e   0x0800017e   0x00000006   Code   RO          779    .ARM.Collect$$_printf_percent$$00000006  c_w.l(_printf_a.o)
    0x08000184   0x08000184   0x0000000a   Code   RO          784    .ARM.Collect$$_printf_percent$$00000007  c_w.l(_printf_ll.o)
    0x0800018e   0x0800018e   0x00000006   Code   RO          774    .ARM.Collect$$_printf_percent$$00000008  c_w.l(_printf_i.o)
    0x08000194   0x08000194   0x00000006   Code   RO          642    .ARM.Collect$$_printf_percent$$00000009  c_w.l(_printf_d.o)
    0x0800019a   0x0800019a   0x00000006   Code   RO          775    .ARM.Collect$$_printf_percent$$0000000A  c_w.l(_printf_u.o)
    0x080001a0   0x080001a0   0x00000006   Code   RO          773    .ARM.Collect$$_printf_percent$$0000000B  c_w.l(_printf_o.o)
    0x080001a6   0x080001a6   0x00000006   Code   RO          771    .ARM.Collect$$_printf_percent$$0000000C  c_w.l(_printf_x.o)
    0x080001ac   0x080001ac   0x00000006   Code   RO          781    .ARM.Collect$$_printf_percent$$0000000D  c_w.l(_printf_lli.o)
    0x080001b2   0x080001b2   0x00000006   Code   RO          782    .ARM.Collect$$_printf_percent$$0000000E  c_w.l(_printf_lld.o)
    0x080001b8   0x080001b8   0x00000006   Code   RO          783    .ARM.Collect$$_printf_percent$$0000000F  c_w.l(_printf_llu.o)
    0x080001be   0x080001be   0x00000006   Code   RO          788    .ARM.Collect$$_printf_percent$$00000010  c_w.l(_printf_llo.o)
    0x080001c4   0x080001c4   0x00000006   Code   RO          789    .ARM.Collect$$_printf_percent$$00000011  c_w.l(_printf_llx.o)
    0x080001ca   0x080001ca   0x0000000a   Code   RO          785    .ARM.Collect$$_printf_percent$$00000012  c_w.l(_printf_l.o)
    0x080001d4   0x080001d4   0x00000006   Code   RO          769    .ARM.Collect$$_printf_percent$$00000013  c_w.l(_printf_c.o)
    0x080001da   0x080001da   0x00000006   Code   RO          641    .ARM.Collect$$_printf_percent$$00000014  c_w.l(_printf_s.o)
    0x080001e0   0x080001e0   0x00000006   Code   RO          786    .ARM.Collect$$_printf_percent$$00000015  c_w.l(_printf_lc.o)
    0x080001e6   0x080001e6   0x00000006   Code   RO          787    .ARM.Collect$$_printf_percent$$00000016  c_w.l(_printf_ls.o)
    0x080001ec   0x080001ec   0x00000004   Code   RO          780    .ARM.Collect$$_printf_percent$$00000017  c_w.l(_printf_percent_end.o)
    0x080001f0   0x080001f0   0x00000002   Code   RO          975    .ARM.Collect$$libinit$$00000000  c_w.l(libinit.o)
    0x080001f2   0x080001f2   0x00000000   Code   RO          803    .ARM.Collect$$libinit$$00000002  c_w.l(libinit2.o)
    0x080001f2   0x080001f2   0x00000000   Code   RO          805    .ARM.Collect$$libinit$$00000004  c_w.l(libinit2.o)
    0x080001f2   0x080001f2   0x00000000   Code   RO          808    .ARM.Collect$$libinit$$0000000A  c_w.l(libinit2.o)
    0x080001f2   0x080001f2   0x00000000   Code   RO          810    .ARM.Collect$$libinit$$0000000C  c_w.l(libinit2.o)
    0x080001f2   0x080001f2   0x00000000   Code   RO          812    .ARM.Collect$$libinit$$0000000E  c_w.l(libinit2.o)
    0x080001f2   0x080001f2   0x00000006   Code   RO          813    .ARM.Collect$$libinit$$0000000F  c_w.l(libinit2.o)
    0x080001f8   0x080001f8   0x00000000   Code   RO          815    .ARM.Collect$$libinit$$00000011  c_w.l(libinit2.o)
    0x080001f8   0x080001f8   0x0000000c   Code   RO          816    .ARM.Collect$$libinit$$00000012  c_w.l(libinit2.o)
    0x08000204   0x08000204   0x00000000   Code   RO          817    .ARM.Collect$$libinit$$00000013  c_w.l(libinit2.o)
    0x08000204   0x08000204   0x00000000   Code   RO          819    .ARM.Collect$$libinit$$00000015  c_w.l(libinit2.o)
    0x08000204   0x08000204   0x0000000a   Code   RO          820    .ARM.Collect$$libinit$$00000016  c_w.l(libinit2.o)
    0x0800020e   0x0800020e   0x00000000   Code   RO          821    .ARM.Collect$$libinit$$00000017  c_w.l(libinit2.o)
    0x0800020e   0x0800020e   0x00000000   Code   RO          823    .ARM.Collect$$libinit$$00000019  c_w.l(libinit2.o)
    0x0800020e   0x0800020e   0x00000000   Code   RO          825    .ARM.Collect$$libinit$$0000001B  c_w.l(libinit2.o)
    0x0800020e   0x0800020e   0x00000000   Code   RO          827    .ARM.Collect$$libinit$$0000001D  c_w.l(libinit2.o)
    0x0800020e   0x0800020e   0x00000000   Code   RO          829    .ARM.Collect$$libinit$$0000001F  c_w.l(libinit2.o)
    0x0800020e   0x0800020e   0x00000000   Code   RO          831    .ARM.Collect$$libinit$$00000021  c_w.l(libinit2.o)
    0x0800020e   0x0800020e   0x00000000   Code   RO          833    .ARM.Collect$$libinit$$00000023  c_w.l(libinit2.o)
    0x0800020e   0x0800020e   0x00000000   Code   RO          835    .ARM.Collect$$libinit$$00000025  c_w.l(libinit2.o)
    0x0800020e   0x0800020e   0x00000000   Code   RO          839    .ARM.Collect$$libinit$$0000002C  c_w.l(libinit2.o)
    0x0800020e   0x0800020e   0x00000000   Code   RO          841    .ARM.Collect$$libinit$$0000002E  c_w.l(libinit2.o)
    0x0800020e   0x0800020e   0x00000000   Code   RO          843    .ARM.Collect$$libinit$$00000030  c_w.l(libinit2.o)
    0x0800020e   0x0800020e   0x00000000   Code   RO          845    .ARM.Collect$$libinit$$00000032  c_w.l(libinit2.o)
    0x0800020e   0x0800020e   0x00000002   Code   RO          846    .ARM.Collect$$libinit$$00000033  c_w.l(libinit2.o)
    0x08000210   0x08000210   0x00000002   Code   RO         1039    .ARM.Collect$$libshutdown$$00000000  c_w.l(libshutdown.o)
    0x08000212   0x08000212   0x00000000   Code   RO          995    .ARM.Collect$$libshutdown$$00000002  c_w.l(libshutdown2.o)
    0x08000212   0x08000212   0x00000000   Code   RO          997    .ARM.Collect$$libshutdown$$00000004  c_w.l(libshutdown2.o)
    0x08000212   0x08000212   0x00000000   Code   RO         1000    .ARM.Collect$$libshutdown$$00000007  c_w.l(libshutdown2.o)
    0x08000212   0x08000212   0x00000000   Code   RO         1003    .ARM.Collect$$libshutdown$$0000000A  c_w.l(libshutdown2.o)
    0x08000212   0x08000212   0x00000000   Code   RO         1005    .ARM.Collect$$libshutdown$$0000000C  c_w.l(libshutdown2.o)
    0x08000212   0x08000212   0x00000000   Code   RO         1008    .ARM.Collect$$libshutdown$$0000000F  c_w.l(libshutdown2.o)
    0x08000212   0x08000212   0x00000002   Code   RO         1009    .ARM.Collect$$libshutdown$$00000010  c_w.l(libshutdown2.o)
    0x08000214   0x08000214   0x00000000   Code   RO          690    .ARM.Collect$$rtentry$$00000000  c_w.l(__rtentry.o)
    0x08000214   0x08000214   0x00000000   Code   RO          862    .ARM.Collect$$rtentry$$00000002  c_w.l(__rtentry2.o)
    0x08000214   0x08000214   0x00000006   Code   RO          874    .ARM.Collect$$rtentry$$00000004  c_w.l(__rtentry4.o)
    0x0800021a   0x0800021a   0x00000000   Code   RO          864    .ARM.Collect$$rtentry$$00000009  c_w.l(__rtentry2.o)
    0x0800021a   0x0800021a   0x00000004   Code   RO          865    .ARM.Collect$$rtentry$$0000000A  c_w.l(__rtentry2.o)
    0x0800021e   0x0800021e   0x00000000   Code   RO          867    .ARM.Collect$$rtentry$$0000000C  c_w.l(__rtentry2.o)
    0x0800021e   0x0800021e   0x00000008   Code   RO          868    .ARM.Collect$$rtentry$$0000000D  c_w.l(__rtentry2.o)
    0x08000226   0x08000226   0x00000002   Code   RO          982    .ARM.Collect$$rtexit$$00000000  c_w.l(rtexit.o)
    0x08000228   0x08000228   0x00000000   Code   RO         1013    .ARM.Collect$$rtexit$$00000002  c_w.l(rtexit2.o)
    0x08000228   0x08000228   0x00000004   Code   RO         1014    .ARM.Collect$$rtexit$$00000003  c_w.l(rtexit2.o)
    0x0800022c   0x0800022c   0x00000006   Code   RO         1015    .ARM.Collect$$rtexit$$00000004  c_w.l(rtexit2.o)
    0x08000232   0x08000232   0x00000002   PAD
    0x08000234   0x08000234   0x00000134   Code   RO           17    .text               stm32f10x_it.o
    0x08000368   0x08000368   0x000001e0   Code   RO          119    .text               system_stm32f10x.o
    0x08000548   0x08000548   0x00000040   Code   RO          140    .text               startup_stm32f10x_md.o
    0x08000588   0x08000588   0x000000dc   Code   RO          144    .text               misc.o
    0x08000664   0x08000664   0x0000035c   Code   RO          182    .text               stm32f10x_gpio.o
    0x080009c0   0x080009c0   0x000003a4   Code   RO          194    .text               stm32f10x_rcc.o
    0x08000d64   0x08000d64   0x00000408   Code   RO          208    .text               stm32f10x_usart.o
    0x0800116c   0x0800116c   0x0000011c   Code   RO          220    .text               stm32f10x_exti.o
    0x08001288   0x08001288   0x0000044e   Code   RO          232    .text               stm32f10x_adc.o
    0x080016d6   0x080016d6   0x00000002   PAD
    0x080016d8   0x080016d8   0x000000f4   Code   RO          244    .text               delay.o
    0x080017cc   0x080017cc   0x000001e8   Code   RO          262    .text               usart.o
    0x080019b4   0x080019b4   0x0000004c   Code   RO          290    .text               led.o
    0x08001a00   0x08001a00   0x000000a8   Code   RO          308    .text               key.o
    0x08001aa8   0x08001aa8   0x000001a0   Code   RO          327    .text               dht11.o
    0x08001c48   0x08001c48   0x00000108   Code   RO          342    .text               mq2.o
    0x08001d50   0x08001d50   0x000000e0   Code   RO          378    .text               main.o
    0x08001e30   0x08001e30   0x000002e8   Code   RO          521    .text               esp8266.o
    0x08002118   0x08002118   0x00000034   Code   RO          605    .text               c_w.l(c89vsnprintf.o)
    0x0800214c   0x0800214c   0x0000002c   Code   RO          607    .text               c_w.l(__2sprintf.o)
    0x08002178   0x08002178   0x00000052   Code   RO          617    .text               c_w.l(_printf_str.o)
    0x080021ca   0x080021ca   0x00000002   PAD
    0x080021cc   0x080021cc   0x00000078   Code   RO          619    .text               c_w.l(_printf_dec.o)
    0x08002244   0x08002244   0x00000188   Code   RO          638    .text               c_w.l(__printf_flags_ss_wp.o)
    0x080023cc   0x080023cc   0x00000014   Code   RO          652    .text               c_w.l(strchr.o)
    0x080023e0   0x080023e0   0x00000024   Code   RO          656    .text               c_w.l(strstr.o)
    0x08002404   0x08002404   0x0000003e   Code   RO          660    .text               c_w.l(strlen.o)
    0x08002442   0x08002442   0x00000044   Code   RO          666    .text               c_w.l(rt_memclr.o)
    0x08002486   0x08002486   0x0000004e   Code   RO          668    .text               c_w.l(rt_memclr_w.o)
    0x080024d4   0x080024d4   0x00000006   Code   RO          670    .text               c_w.l(heapauxi.o)
    0x080024da   0x080024da   0x0000004e   Code   RO          721    .text               c_w.l(_printf_pad.o)
    0x08002528   0x08002528   0x00000024   Code   RO          723    .text               c_w.l(_printf_truncate.o)
    0x0800254c   0x0800254c   0x000000b2   Code   RO          725    .text               c_w.l(_printf_intcommon.o)
    0x080025fe   0x080025fe   0x00000028   Code   RO          727    .text               c_w.l(_printf_charcount.o)
    0x08002626   0x08002626   0x00000002   PAD
    0x08002628   0x08002628   0x00000030   Code   RO          729    .text               c_w.l(_printf_char_common.o)
    0x08002658   0x08002658   0x0000000a   Code   RO          731    .text               c_w.l(_sputc.o)
    0x08002662   0x08002662   0x00000010   Code   RO          733    .text               c_w.l(_snputc.o)
    0x08002672   0x08002672   0x0000002c   Code   RO          735    .text               c_w.l(_printf_char.o)
    0x0800269e   0x0800269e   0x00000002   PAD
    0x080026a0   0x080026a0   0x000000bc   Code   RO          737    .text               c_w.l(_printf_wctomb.o)
    0x0800275c   0x0800275c   0x0000007c   Code   RO          740    .text               c_w.l(_printf_longlong_dec.o)
    0x080027d8   0x080027d8   0x00000070   Code   RO          746    .text               c_w.l(_printf_oct_int_ll.o)
    0x08002848   0x08002848   0x00000094   Code   RO          766    .text               c_w.l(_printf_hex_int_ll_ptr.o)
    0x080028dc   0x080028dc   0x00000008   Code   RO          858    .text               c_w.l(libspace.o)
    0x080028e4   0x080028e4   0x00000010   Code   RO          876    .text               c_w.l(rt_ctype_table.o)
    0x080028f4   0x080028f4   0x0000008a   Code   RO          886    .text               c_w.l(lludiv10.o)
    0x0800297e   0x0800297e   0x0000041e   Code   RO          890    .text               c_w.l(_printf_fp_dec.o)
    0x08002d9c   0x08002d9c   0x0000002c   Code   RO          894    .text               c_w.l(_printf_wchar.o)
    0x08002dc8   0x08002dc8   0x00000040   Code   RO          900    .text               c_w.l(_wcrtomb.o)
    0x08002e08   0x08002e08   0x00000002   Code   RO          913    .text               c_w.l(use_no_semi.o)
    0x08002e0a   0x08002e0a   0x00000000   Code   RO          915    .text               c_w.l(indicate_semi.o)
    0x08002e0a   0x08002e0a   0x0000004a   Code   RO          916    .text               c_w.l(sys_stackheap_outer.o)
    0x08002e54   0x08002e54   0x00000008   Code   RO          923    .text               c_w.l(rt_locale_intlibspace.o)
    0x08002e5c   0x08002e5c   0x00000080   Code   RO          927    .text               c_w.l(_printf_fp_infnan.o)
    0x08002edc   0x08002edc   0x000000e4   Code   RO          929    .text               c_w.l(bigflt0.o)
    0x08002fc0   0x08002fc0   0x00000012   Code   RO          960    .text               c_w.l(exit.o)
    0x08002fd2   0x08002fd2   0x00000002   PAD
    0x08002fd4   0x08002fd4   0x0000000c   Code   RO          980    .text               c_w.l(sys_exit.o)
    0x08002fe0   0x08002fe0   0x00000080   Code   RO          992    .text               c_w.l(strcmpv7m.o)
    0x08003060   0x08003060   0x0000003e   Code   RO          932    CL$$btod_d2e        c_w.l(btod.o)
    0x0800309e   0x0800309e   0x00000046   Code   RO          934    CL$$btod_d2e_denorm_low  c_w.l(btod.o)
    0x080030e4   0x080030e4   0x00000060   Code   RO          933    CL$$btod_d2e_norm_op1  c_w.l(btod.o)
    0x08003144   0x08003144   0x00000338   Code   RO          942    CL$$btod_div_common  c_w.l(btod.o)
    0x0800347c   0x0800347c   0x000000dc   Code   RO          939    CL$$btod_e2e        c_w.l(btod.o)
    0x08003558   0x08003558   0x0000002a   Code   RO          936    CL$$btod_ediv       c_w.l(btod.o)
    0x08003582   0x08003582   0x0000002a   Code   RO          935    CL$$btod_emul       c_w.l(btod.o)
    0x080035ac   0x080035ac   0x00000244   Code   RO          941    CL$$btod_mult_common  c_w.l(btod.o)
    0x080037f0   0x080037f0   0x00000028   Code   RO          978    i.__ARM_fpclassify  m_ws.l(fpclassify.o)
    0x08003818   0x08003818   0x0000000e   Code   RO          631    i._is_digit         c_w.l(__printf_wp.o)
    0x08003826   0x08003826   0x00000002   PAD
    0x08003828   0x08003828   0x0000002c   Code   RO          955    locale$$code        c_w.l(lc_ctype_c.o)
    0x08003854   0x08003854   0x0000002c   Code   RO          958    locale$$code        c_w.l(lc_numeric_c.o)
    0x08003880   0x08003880   0x0000000c   Code   RO          847    x$fpl$dretinf       fz_ws.l(dretinf.o)
    0x0800388c   0x0800388c   0x00000056   Code   RO          674    x$fpl$f2d           fz_ws.l(f2d.o)
    0x080038e2   0x080038e2   0x00000002   PAD
    0x080038e4   0x080038e4   0x00000184   Code   RO          677    x$fpl$fdiv          fz_ws.l(fdiv.o)
    0x08003a68   0x08003a68   0x00000026   Code   RO          680    x$fpl$ffltu         fz_ws.l(fflt_clz.o)
    0x08003a8e   0x08003a8e   0x00000002   PAD
    0x08003a90   0x08003a90   0x00000102   Code   RO          686    x$fpl$fmul          fz_ws.l(fmul.o)
    0x08003b92   0x08003b92   0x0000008c   Code   RO          849    x$fpl$fnaninf       fz_ws.l(fnaninf.o)
    0x08003c1e   0x08003c1e   0x0000000a   Code   RO          851    x$fpl$fretinf       fz_ws.l(fretinf.o)
    0x08003c28   0x08003c28   0x00000004   Code   RO          853    x$fpl$printf1       fz_ws.l(printf1.o)
    0x08003c2c   0x08003c2c   0x00000000   Code   RO          855    x$fpl$usenofp       fz_ws.l(usenofp.o)
    0x08003c2c   0x08003c2c   0x00000011   Data   RO          639    .constdata          c_w.l(__printf_flags_ss_wp.o)
    0x08003c3d   0x08003c3d   0x00000003   PAD
    0x08003c40   0x08003c40   0x00000008   Data   RO          738    .constdata          c_w.l(_printf_wctomb.o)
    0x08003c48   0x08003c48   0x00000028   Data   RO          767    .constdata          c_w.l(_printf_hex_int_ll_ptr.o)
    0x08003c70   0x08003c70   0x00000094   Data   RO          930    .constdata          c_w.l(bigflt0.o)
    0x08003d04   0x08003d04   0x00000020   Data   RO         1040    Region$$Table       anon$$obj.o
    0x08003d24   0x08003d24   0x00000110   Data   RO          954    locale$$data        c_w.l(lc_ctype_c.o)
    0x08003e34   0x08003e34   0x0000001c   Data   RO          957    locale$$data        c_w.l(lc_numeric_c.o)


    Execution Region RW_IRAM1 (Exec base: 0x20000000, Load base: 0x08003e50, Size: 0x000008a8, Max: 0x00005000, ABSOLUTE)

    Exec Addr    Load Addr    Size         Type   Attr      Idx    E Section Name        Object

    0x20000000   0x08003e50   0x00000014   Data   RW          120    .data               system_stm32f10x.o
    0x20000014   0x08003e64   0x00000014   Data   RW          195    .data               stm32f10x_rcc.o
    0x20000028   0x08003e78   0x00000004   Data   RW          245    .data               delay.o
    0x2000002c   0x08003e7c   0x00000001   Data   RW          291    .data               led.o
    0x2000002d   0x08003e7d   0x00000003   PAD
    0x20000030   0x08003e80   0x00000010   Data   RW          379    .data               main.o
    0x20000040   0x08003e90   0x00000004   Data   RW          523    .data               esp8266.o
    0x20000044        -       0x00000200   Zero   RW          522    .bss                esp8266.o
    0x20000244        -       0x00000060   Zero   RW          859    .bss                c_w.l(libspace.o)
    0x200002a4   0x08003e94   0x00000004   PAD
    0x200002a8        -       0x00000200   Zero   RW          138    HEAP                startup_stm32f10x_md.o
    0x200004a8        -       0x00000400   Zero   RW          137    STACK               startup_stm32f10x_md.o


==============================================================================

Image component sizes


      Code (inc. data)   RO Data    RW Data    ZI Data      Debug   Object Name

         0          0          0          0          0       4564   core_cm3.o
       244         10          0          4          0       1416   delay.o
       416          4          0          0          0       2074   dht11.o
       744        222          0          4        512       2951   esp8266.o
       168         10          0          0          0        700   key.o
        76          8          0          1          0       1126   led.o
       224         76          0         16          0        995   main.o
       220         22          0          0          0     216129   misc.o
       264         18          0          0          0       1154   mq2.o
        64         26        236          0       1536        792   startup_stm32f10x_md.o
      1102         26          0          0          0      10929   stm32f10x_adc.o
       284         10          0          0          0       2147   stm32f10x_exti.o
       860         38          0          0          0       5625   stm32f10x_gpio.o
       308        248          0          0          0      24387   stm32f10x_it.o
       932         36          0         20          0       8764   stm32f10x_rcc.o
      1032         22          0          0          0       8348   stm32f10x_usart.o
       480         38          0         20          0       1695   system_stm32f10x.o
       488         14          0          0          0       2905   usart.o

    ----------------------------------------------------------------------
      7908        828        268         68       2048     296701   Object Totals
         0          0         32          0          0          0   (incl. Generated)
         2          0          0          3          0          0   (incl. Padding)

    ----------------------------------------------------------------------

      Code (inc. data)   RO Data    RW Data    ZI Data      Debug   Library Member Name

        44          6          0          0          0         84   __2sprintf.o
         8          0          0          0          0         68   __main.o
       392          4         17          0          0         92   __printf_flags_ss_wp.o
        14          0          0          0          0         68   __printf_wp.o
         0          0          0          0          0          0   __rtentry.o
        12          0          0          0          0          0   __rtentry2.o
         6          0          0          0          0          0   __rtentry4.o
        52          8          0          0          0          0   __scatter.o
        26          0          0          0          0          0   __scatter_copy.o
        28          0          0          0          0          0   __scatter_zi.o
         6          0          0          0          0          0   _printf_a.o
         6          0          0          0          0          0   _printf_c.o
        44          0          0          0          0        108   _printf_char.o
        48          6          0          0          0         96   _printf_char_common.o
        40          0          0          0          0         68   _printf_charcount.o
         6          0          0          0          0          0   _printf_d.o
       120         16          0          0          0         92   _printf_dec.o
         6          0          0          0          0          0   _printf_e.o
         6          0          0          0          0          0   _printf_f.o
      1054          0          0          0          0        216   _printf_fp_dec.o
       128         16          0          0          0         84   _printf_fp_infnan.o
         6          0          0          0          0          0   _printf_g.o
       148          4         40          0          0        160   _printf_hex_int_ll_ptr.o
         6          0          0          0          0          0   _printf_i.o
       178          0          0          0          0         88   _printf_intcommon.o
        10          0          0          0          0          0   _printf_l.o
         6          0          0          0          0          0   _printf_lc.o
        10          0          0          0          0          0   _printf_ll.o
         6          0          0          0          0          0   _printf_lld.o
         6          0          0          0          0          0   _printf_lli.o
         6          0          0          0          0          0   _printf_llo.o
         6          0          0          0          0          0   _printf_llu.o
         6          0          0          0          0          0   _printf_llx.o
       124         16          0          0          0         92   _printf_longlong_dec.o
         6          0          0          0          0          0   _printf_ls.o
         6          0          0          0          0          0   _printf_n.o
         6          0          0          0          0          0   _printf_o.o
       112         10          0          0          0        124   _printf_oct_int_ll.o
         6          0          0          0          0          0   _printf_p.o
        78          0          0          0          0        108   _printf_pad.o
         0          0          0          0          0          0   _printf_percent.o
         4          0          0          0          0          0   _printf_percent_end.o
         6          0          0          0          0          0   _printf_s.o
        82          0          0          0          0         80   _printf_str.o
        36          0          0          0          0         84   _printf_truncate.o
         6          0          0          0          0          0   _printf_u.o
        44          0          0          0          0        108   _printf_wchar.o
       188          6          8          0          0         92   _printf_wctomb.o
         6          0          0          0          0          0   _printf_x.o
        16          0          0          0          0         68   _snputc.o
        10          0          0          0          0         68   _sputc.o
        64          0          0          0          0         92   _wcrtomb.o
       228          4        148          0          0         96   bigflt0.o
      1936        128          0          0          0        672   btod.o
        52          4          0          0          0         80   c89vsnprintf.o
        18          0          0          0          0         80   exit.o
         6          0          0          0          0        152   heapauxi.o
         0          0          0          0          0          0   indicate_semi.o
        44         10        272          0          0         76   lc_ctype_c.o
        44         10         28          0          0         76   lc_numeric_c.o
         2          0          0          0          0          0   libinit.o
        30          0          0          0          0          0   libinit2.o
         2          0          0          0          0          0   libshutdown.o
         2          0          0          0          0          0   libshutdown2.o
         8          4          0          0         96         68   libspace.o
       138          0          0          0          0         80   lludiv10.o
        16          4          0          0          0         76   rt_ctype_table.o
         8          4          0          0          0         68   rt_locale_intlibspace.o
        68          0          0          0          0         68   rt_memclr.o
        78          0          0          0          0         80   rt_memclr_w.o
         2          0          0          0          0          0   rtexit.o
        10          0          0          0          0          0   rtexit2.o
        20          0          0          0          0         68   strchr.o
       128          0          0          0          0         68   strcmpv7m.o
        62          0          0          0          0         76   strlen.o
        36          0          0          0          0         80   strstr.o
        12          4          0          0          0         68   sys_exit.o
        74          0          0          0          0         80   sys_stackheap_outer.o
         2          0          0          0          0         68   use_no_semi.o
        12          0          0          0          0         68   dretinf.o
        86          4          0          0          0         84   f2d.o
       388         76          0          0          0         96   fdiv.o
        38          0          0          0          0         68   fflt_clz.o
       258          4          0          0          0         84   fmul.o
       140          4          0          0          0         84   fnaninf.o
        10          0          0          0          0         68   fretinf.o
         4          0          0          0          0         68   printf1.o
         0          0          0          0          0          0   usenofp.o
        40          0          0          0          0         68   fpclassify.o

    ----------------------------------------------------------------------
      7260        352        516          0        100       5008   Library Totals
        18          0          3          0          4          0   (incl. Padding)

    ----------------------------------------------------------------------

      Code (inc. data)   RO Data    RW Data    ZI Data      Debug   Library Name

      6266        264        513          0         96       4320   c_w.l
       936         88          0          0          0        620   fz_ws.l
        40          0          0          0          0         68   m_ws.l

    ----------------------------------------------------------------------
      7260        352        516          0        100       5008   Library Totals

    ----------------------------------------------------------------------

==============================================================================


      Code (inc. data)   RO Data    RW Data    ZI Data      Debug   

     15168       1180        784         68       2148     297441   Grand Totals
     15168       1180        784         68       2148     297441   ELF Image Totals
     15168       1180        784         68          0          0   ROM Totals

==============================================================================

    Total RO  Size (Code + RO Data)                15952 (  15.58kB)
    Total RW  Size (RW Data + ZI Data)              2216 (   2.16kB)
    Total ROM Size (Code + RO Data + RW Data)      16020 (  15.64kB)

==============================================================================

