<html>
<body>
<pre>
<h1>礦ision Build Log</h1>
<h2>Tool Versions:</h2>
IDE-Version: μVision V5.24.2.0
Copyright (C) 2017 ARM Ltd and ARM Germany GmbH. All rights reserved.
License Information: 1 1, 1, LIC=65ISZ-JM8FP-560Q2-9L9IT-6AJNI-XFD51
 
Tool Versions:
Toolchain:       MDK-ARM Plus  Version: 5.24.1
Toolchain Path:  D:\EmbeddedSoftware\Keil5\ARM\ARMCC\Bin
C Compiler:      Armcc.exe V5.06 update 5 (build 528)
Assembler:       Armasm.exe V5.06 update 5 (build 528)
Linker/Locator:  ArmLink.exe V5.06 update 5 (build 528)
Library Manager: ArmAr.exe V5.06 update 5 (build 528)
Hex Converter:   FromElf.exe V5.06 update 5 (build 528)
CPU DLL:         SARMCM3.DLL V5.24.1
Dialog DLL:      DCM.DLL V1.16.0.0
Target DLL:      STLink\ST-LINKIII-KEIL_SWO.dll V3.0.1.0
Dialog DLL:      TCM.DLL V1.32.0.0
 
<h2>Project:</h2>
D:\EmbeddedSoftware\32小项目\wifi\stm32f103.uvprojx
Project File Date:  03/25/2026

<h2>Output:</h2>
*** Using Compiler 'V5.06 update 5 (build 528)', folder: 'D:\EmbeddedSoftware\Keil5\ARM\ARMCC\Bin'
Rebuild target 'STM32F103'
compiling i2c.c...
assembling startup_stm32f10x_md.s...
compiling sht20.c...
compiling core_cm3.c...
compiling misc.c...
compiling stm32f10x_exti.c...
compiling stm32f10x_it.c...
compiling LED.c...
compiling delay.c...
compiling system_stm32f10x.c...
compiling stm32f10x_gpio.c...
compiling key.c...
compiling stm32f10x_usart.c...
compiling stm32f10x_rcc.c...
compiling dht11.c...
hardware\src\dht11.c(18): warning:  #188-D: enumerated type mixed with another type
  	
HT11_DQ_OUT(0); 	//拉低DQ
hardware\src\dht11.c(20): warning:  #188-D: enumerated type mixed with another type
  	
HT11_DQ_OUT(1); 	//DQ=1 
hardware\src\dht11.c: 2 warnings, 0 errors
compiling usart.c...
compiling main.c...
user\main.c(103): warning:  #177-D: variable "timeCount"  was declared but never referenced
  	unsigned short timeCount = 0;	//鍙戦�侀棿闅斿彉閲?
user\main.c(105): warning:  #177-D: variable "dataPtr"  was declared but never referenced
  	unsigned char *dataPtr = NULL;
user\main.c: 2 warnings, 0 errors
compiling base64.c...
compiling hmac_sha1.c...
compiling MqttKit.c...
compiling esp8266.c...
compiling onenet.c...
linking...
Program Size: Code=12768 RO-data=784 RW-data=52 ZI-data=2148  
FromELF: creating hex file...
".\output\stm32f103.axf" - 0 Error(s), 4 Warning(s).

<h2>Software Packages used:</h2>

Package Vendor: ARM
                http://www.keil.com/pack/ARM.CMSIS.5.0.1.pack
                ARM.CMSIS.5.0.1
                CMSIS (Cortex Microcontroller Software Interface Standard)
   * Component: CORE Version: 5.0.1

Package Vendor: Keil
                http://www.keil.com/pack/Keil.STM32F1xx_DFP.2.2.0.pack
                Keil.STM32F1xx_DFP.2.2.0
                STMicroelectronics STM32F1 Series Device Support, Drivers and Examples

<h2>Collection of Component include folders:</h2>
  .\RTE\_STM32F103
  D:\EmbeddedSoftware\Keil5\ARM\PACK\ARM\CMSIS\5.0.1\CMSIS\Include
  D:\EmbeddedSoftware\Keil5\ARM\PACK\Keil\STM32F1xx_DFP\2.2.0\Device\Include

<h2>Collection of Component Files used:</h2>

   * Component: ARM::CMSIS:CORE:5.0.1
Build Time Elapsed:  00:00:02
</pre>
</body>
</html>
